../Core/Src/main.c:80:5:main	8	static
../Core/Src/main.c:131:6:SystemClock_Config	104	static
../Core/Src/main.c:182:13:MX_I2C1_Init	8	static
../Core/Src/main.c:230:13:MX_TIM3_Init	64	static
../Core/Src/main.c:301:13:MX_TIM6_Init	8	static
../Core/Src/main.c:331:13:MX_USART1_UART_Init	8	static
../Core/Src/main.c:366:13:MX_USART2_UART_Init	8	static
../Core/Src/main.c:401:13:MX_USART3_UART_Init	8	static
../Core/Src/main.c:436:13:MX_USART4_UART_Init	8	static
../Core/Src/main.c:471:13:MX_GPIO_Init	48	static
../Core/Src/main.c:522:6:Error_Handler	8	static,ignoring_inline_asm
