Archive member included to satisfy reference by file (symbol)

c:/st/stm32cubeide_1.10.1/stm32cubeide/plugins/com.st.stm32cube.ide.mcu.externaltools.gnu-tools-for-stm32.10.3-2021.10.win32_1.0.0.202111181127/tools/bin/../lib/gcc/arm-none-eabi/10.3.1/../../../../arm-none-eabi/lib/thumb/v6-m/nofp\libc_nano.a(lib_a-errno.o)
                              ./Core/Src/syscalls.o (__errno)
c:/st/stm32cubeide_1.10.1/stm32cubeide/plugins/com.st.stm32cube.ide.mcu.externaltools.gnu-tools-for-stm32.10.3-2021.10.win32_1.0.0.202111181127/tools/bin/../lib/gcc/arm-none-eabi/10.3.1/../../../../arm-none-eabi/lib/thumb/v6-m/nofp\libc_nano.a(lib_a-exit.o)
                              c:/st/stm32cubeide_1.10.1/stm32cubeide/plugins/com.st.stm32cube.ide.mcu.externaltools.gnu-tools-for-stm32.10.3-2021.10.win32_1.0.0.202111181127/tools/bin/../lib/gcc/arm-none-eabi/10.3.1/../../../../arm-none-eabi/lib/thumb/v6-m/nofp/crt0.o (exit)
c:/st/stm32cubeide_1.10.1/stm32cubeide/plugins/com.st.stm32cube.ide.mcu.externaltools.gnu-tools-for-stm32.10.3-2021.10.win32_1.0.0.202111181127/tools/bin/../lib/gcc/arm-none-eabi/10.3.1/../../../../arm-none-eabi/lib/thumb/v6-m/nofp\libc_nano.a(lib_a-impure.o)
                              c:/st/stm32cubeide_1.10.1/stm32cubeide/plugins/com.st.stm32cube.ide.mcu.externaltools.gnu-tools-for-stm32.10.3-2021.10.win32_1.0.0.202111181127/tools/bin/../lib/gcc/arm-none-eabi/10.3.1/../../../../arm-none-eabi/lib/thumb/v6-m/nofp\libc_nano.a(lib_a-exit.o) (_global_impure_ptr)
c:/st/stm32cubeide_1.10.1/stm32cubeide/plugins/com.st.stm32cube.ide.mcu.externaltools.gnu-tools-for-stm32.10.3-2021.10.win32_1.0.0.202111181127/tools/bin/../lib/gcc/arm-none-eabi/10.3.1/../../../../arm-none-eabi/lib/thumb/v6-m/nofp\libc_nano.a(lib_a-init.o)
                              c:/st/stm32cubeide_1.10.1/stm32cubeide/plugins/com.st.stm32cube.ide.mcu.externaltools.gnu-tools-for-stm32.10.3-2021.10.win32_1.0.0.202111181127/tools/bin/../lib/gcc/arm-none-eabi/10.3.1/../../../../arm-none-eabi/lib/thumb/v6-m/nofp/crt0.o (__libc_init_array)
c:/st/stm32cubeide_1.10.1/stm32cubeide/plugins/com.st.stm32cube.ide.mcu.externaltools.gnu-tools-for-stm32.10.3-2021.10.win32_1.0.0.202111181127/tools/bin/../lib/gcc/arm-none-eabi/10.3.1/../../../../arm-none-eabi/lib/thumb/v6-m/nofp\libc_nano.a(lib_a-memset.o)
                              c:/st/stm32cubeide_1.10.1/stm32cubeide/plugins/com.st.stm32cube.ide.mcu.externaltools.gnu-tools-for-stm32.10.3-2021.10.win32_1.0.0.202111181127/tools/bin/../lib/gcc/arm-none-eabi/10.3.1/../../../../arm-none-eabi/lib/thumb/v6-m/nofp/crt0.o (memset)
c:/st/stm32cubeide_1.10.1/stm32cubeide/plugins/com.st.stm32cube.ide.mcu.externaltools.gnu-tools-for-stm32.10.3-2021.10.win32_1.0.0.202111181127/tools/bin/../lib/gcc/arm-none-eabi/10.3.1/thumb/v6-m/nofp\libgcc.a(_udivsi3.o)
                              ./Core/Src/system_stm32f0xx.o (__aeabi_uidiv)
c:/st/stm32cubeide_1.10.1/stm32cubeide/plugins/com.st.stm32cube.ide.mcu.externaltools.gnu-tools-for-stm32.10.3-2021.10.win32_1.0.0.202111181127/tools/bin/../lib/gcc/arm-none-eabi/10.3.1/thumb/v6-m/nofp\libgcc.a(_dvmd_tls.o)
                              c:/st/stm32cubeide_1.10.1/stm32cubeide/plugins/com.st.stm32cube.ide.mcu.externaltools.gnu-tools-for-stm32.10.3-2021.10.win32_1.0.0.202111181127/tools/bin/../lib/gcc/arm-none-eabi/10.3.1/thumb/v6-m/nofp\libgcc.a(_udivsi3.o) (__aeabi_idiv0)

Discarded input sections

 .text          0x0000000000000000        0x0 c:/st/stm32cubeide_1.10.1/stm32cubeide/plugins/com.st.stm32cube.ide.mcu.externaltools.gnu-tools-for-stm32.10.3-2021.10.win32_1.0.0.202111181127/tools/bin/../lib/gcc/arm-none-eabi/10.3.1/thumb/v6-m/nofp/crti.o
 .data          0x0000000000000000        0x0 c:/st/stm32cubeide_1.10.1/stm32cubeide/plugins/com.st.stm32cube.ide.mcu.externaltools.gnu-tools-for-stm32.10.3-2021.10.win32_1.0.0.202111181127/tools/bin/../lib/gcc/arm-none-eabi/10.3.1/thumb/v6-m/nofp/crti.o
 .bss           0x0000000000000000        0x0 c:/st/stm32cubeide_1.10.1/stm32cubeide/plugins/com.st.stm32cube.ide.mcu.externaltools.gnu-tools-for-stm32.10.3-2021.10.win32_1.0.0.202111181127/tools/bin/../lib/gcc/arm-none-eabi/10.3.1/thumb/v6-m/nofp/crti.o
 .data          0x0000000000000000        0x4 c:/st/stm32cubeide_1.10.1/stm32cubeide/plugins/com.st.stm32cube.ide.mcu.externaltools.gnu-tools-for-stm32.10.3-2021.10.win32_1.0.0.202111181127/tools/bin/../lib/gcc/arm-none-eabi/10.3.1/thumb/v6-m/nofp/crtbegin.o
 .rodata        0x0000000000000000       0x24 c:/st/stm32cubeide_1.10.1/stm32cubeide/plugins/com.st.stm32cube.ide.mcu.externaltools.gnu-tools-for-stm32.10.3-2021.10.win32_1.0.0.202111181127/tools/bin/../lib/gcc/arm-none-eabi/10.3.1/thumb/v6-m/nofp/crtbegin.o
 .text          0x0000000000000000       0x80 c:/st/stm32cubeide_1.10.1/stm32cubeide/plugins/com.st.stm32cube.ide.mcu.externaltools.gnu-tools-for-stm32.10.3-2021.10.win32_1.0.0.202111181127/tools/bin/../lib/gcc/arm-none-eabi/10.3.1/../../../../arm-none-eabi/lib/thumb/v6-m/nofp/crt0.o
[...]
Memory Configuration

Name             Origin             Length             Attributes
RAM              0x0000000020000000 0x0000000000004000 xrw
FLASH            0x0000000008000000 0x0000000000020000 xr
*default*        0x0000000000000000 0xffffffffffffffff

Linker script and memory map

LOAD c:/st/stm32cubeide_1.10.1/stm32cubeide/plugins/com.st.stm32cube.ide.mcu.externaltools.gnu-tools-for-stm32.10.3-2021.10.win32_1.0.0.202111181127/tools/bin/../lib/gcc/arm-none-eabi/10.3.1/thumb/v6-m/nofp/crti.o
LOAD c:/st/stm32cubeide_1.10.1/stm32cubeide/plugins/com.st.stm32cube.ide.mcu.externaltools.gnu-tools-for-stm32.10.3-2021.10.win32_1.0.0.202111181127/tools/bin/../lib/gcc/arm-none-eabi/10.3.1/thumb/v6-m/nofp/crtbegin.o
LOAD c:/st/stm32cubeide_1.10.1/stm32cubeide/plugins/com.st.stm32cube.ide.mcu.externaltools.gnu-tools-for-stm32.10.3-2021.10.win32_1.0.0.202111181127/tools/bin/../lib/gcc/arm-none-eabi/10.3.1/../../../../arm-none-eabi/lib/thumb/v6-m/nofp/crt0.o
LOAD ./Core/Src/main.o
LOAD ./Core/Src/stm32f0xx_hal_msp.o
LOAD ./Core/Src/stm32f0xx_it.o
LOAD ./Core/Src/syscalls.o
LOAD ./Core/Src/sysmem.o
LOAD ./Core/Src/system_stm32f0xx.o
LOAD ./Core/Startup/startup_stm32f070cbtx.o
LOAD ./Drivers/STM32F0xx_HAL_Driver/Src/stm32f0xx_hal.o
LOAD ./Drivers/STM32F0xx_HAL_Driver/Src/stm32f0xx_hal_cortex.o
LOAD ./Drivers/STM32F0xx_HAL_Driver/Src/stm32f0xx_hal_dma.o
LOAD ./Drivers/STM32F0xx_HAL_Driver/Src/stm32f0xx_hal_exti.o
LOAD ./Drivers/STM32F0xx_HAL_Driver/Src/stm32f0xx_hal_flash.o
LOAD ./Drivers/STM32F0xx_HAL_Driver/Src/stm32f0xx_hal_flash_ex.o
LOAD ./Drivers/STM32F0xx_HAL_Driver/Src/stm32f0xx_hal_gpio.o
LOAD ./Drivers/STM32F0xx_HAL_Driver/Src/stm32f0xx_hal_i2c.o
LOAD ./Drivers/STM32F0xx_HAL_Driver/Src/stm32f0xx_hal_i2c_ex.o
LOAD ./Drivers/STM32F0xx_HAL_Driver/Src/stm32f0xx_hal_pcd.o
LOAD ./Drivers/STM32F0xx_HAL_Driver/Src/stm32f0xx_hal_pcd_ex.o
LOAD ./Drivers/STM32F0xx_HAL_Driver/Src/stm32f0xx_hal_pwr.o
LOAD ./Drivers/STM32F0xx_HAL_Driver/Src/stm32f0xx_hal_pwr_ex.o
LOAD ./Drivers/STM32F0xx_HAL_Driver/Src/stm32f0xx_hal_rcc.o
LOAD ./Drivers/STM32F0xx_HAL_Driver/Src/stm32f0xx_hal_rcc_ex.o
LOAD ./Drivers/STM32F0xx_HAL_Driver/Src/stm32f0xx_hal_tim.o
LOAD ./Drivers/STM32F0xx_HAL_Driver/Src/stm32f0xx_hal_tim_ex.o
LOAD ./Drivers/STM32F0xx_HAL_Driver/Src/stm32f0xx_hal_uart.o
LOAD ./Drivers/STM32F0xx_HAL_Driver/Src/stm32f0xx_hal_uart_ex.o
LOAD ./Drivers/STM32F0xx_HAL_Driver/Src/stm32f0xx_ll_usb.o
LOAD ./Middlewares/ST/STM32_USB_Device_Library/Class/HID/Src/usbd_hid.o
LOAD ./Middlewares/ST/STM32_USB_Device_Library/Core/Src/usbd_core.o
LOAD ./Middlewares/ST/STM32_USB_Device_Library/Core/Src/usbd_ctlreq.o
LOAD ./Middlewares/ST/STM32_USB_Device_Library/Core/Src/usbd_ioreq.o
LOAD ./USB_DEVICE/App/usb_device.o
LOAD ./USB_DEVICE/App/usbd_desc.o
LOAD ./USB_DEVICE/Target/usbd_conf.o
START GROUP
LOAD c:/st/stm32cubeide_1.10.1/stm32cubeide/plugins/com.st.stm32cube.ide.mcu.externaltools.gnu-tools-for-stm32.10.3-2021.10.win32_1.0.0.202111181127/tools/bin/../lib/gcc/arm-none-eabi/10.3.1/../../../../arm-none-eabi/lib/thumb/v6-m/nofp\libc_nano.a
LOAD c:/st/stm32cubeide_1.10.1/stm32cubeide/plugins/com.st.stm32cube.ide.mcu.externaltools.gnu-tools-for-stm32.10.3-2021.10.win32_1.0.0.202111181127/tools/bin/../lib/gcc/arm-none-eabi/10.3.1/../../../../arm-none-eabi/lib/thumb/v6-m/nofp\libm.a
END GROUP
START GROUP
LOAD c:/st/stm32cubeide_1.10.1/stm32cubeide/plugins/com.st.stm32cube.ide.mcu.externaltools.gnu-tools-for-stm32.10.3-2021.10.win32_1.0.0.202111181127/tools/bin/../lib/gcc/arm-none-eabi/10.3.1/thumb/v6-m/nofp\libgcc.a
LOAD c:/st/stm32cubeide_1.10.1/stm32cubeide/plugins/com.st.stm32cube.ide.mcu.externaltools.gnu-tools-for-stm32.10.3-2021.10.win32_1.0.0.202111181127/tools/bin/../lib/gcc/arm-none-eabi/10.3.1/../../../../arm-none-eabi/lib/thumb/v6-m/nofp\libc_nano.a
END GROUP
START GROUP
LOAD c:/st/stm32cubeide_1.10.1/stm32cubeide/plugins/com.st.stm32cube.ide.mcu.externaltools.gnu-tools-for-stm32.10.3-2021.10.win32_1.0.0.202111181127/tools/bin/../lib/gcc/arm-none-eabi/10.3.1/thumb/v6-m/nofp\libgcc.a
LOAD c:/st/stm32cubeide_1.10.1/stm32cubeide/plugins/com.st.stm32cube.ide.mcu.externaltools.gnu-tools-for-stm32.10.3-2021.10.win32_1.0.0.202111181127/tools/bin/../lib/gcc/arm-none-eabi/10.3.1/../../../../arm-none-eabi/lib/thumb/v6-m/nofp\libc_nano.a
LOAD c:/st/stm32cubeide_1.10.1/stm32cubeide/plugins/com.st.stm32cube.ide.mcu.externaltools.gnu-tools-for-stm32.10.3-2021.10.win32_1.0.0.202111181127/tools/bin/../lib/gcc/arm-none-eabi/10.3.1/../../../../arm-none-eabi/lib/thumb/v6-m/nofp\libnosys.a
END GROUP
START GROUP
LOAD c:/st/stm32cubeide_1.10.1/stm32cubeide/plugins/com.st.stm32cube.ide.mcu.externaltools.gnu-tools-for-stm32.10.3-2021.10.win32_1.0.0.202111181127/tools/bin/../lib/gcc/arm-none-eabi/10.3.1/thumb/v6-m/nofp\libgcc.a
LOAD c:/st/stm32cubeide_1.10.1/stm32cubeide/plugins/com.st.stm32cube.ide.mcu.externaltools.gnu-tools-for-stm32.10.3-2021.10.win32_1.0.0.202111181127/tools/bin/../lib/gcc/arm-none-eabi/10.3.1/../../../../arm-none-eabi/lib/thumb/v6-m/nofp\libc_nano.a
LOAD c:/st/stm32cubeide_1.10.1/stm32cubeide/plugins/com.st.stm32cube.ide.mcu.externaltools.gnu-tools-for-stm32.10.3-2021.10.win32_1.0.0.202111181127/tools/bin/../lib/gcc/arm-none-eabi/10.3.1/../../../../arm-none-eabi/lib/thumb/v6-m/nofp\libnosys.a
END GROUP
LOAD c:/st/stm32cubeide_1.10.1/stm32cubeide/plugins/com.st.stm32cube.ide.mcu.externaltools.gnu-tools-for-stm32.10.3-2021.10.win32_1.0.0.202111181127/tools/bin/../lib/gcc/arm-none-eabi/10.3.1/thumb/v6-m/nofp/crtend.o
LOAD c:/st/stm32cubeide_1.10.1/stm32cubeide/plugins/com.st.stm32cube.ide.mcu.externaltools.gnu-tools-for-stm32.10.3-2021.10.win32_1.0.0.202111181127/tools/bin/../lib/gcc/arm-none-eabi/10.3.1/thumb/v6-m/nofp/crtn.o
                0x0000000020004000                _estack = (ORIGIN (RAM) + LENGTH (RAM))
                0x0000000000000200                _Min_Heap_Size = 0x200
                0x0000000000000400                _Min_Stack_Size = 0x400

.isr_vector     0x0000000008000000       0xc0
                0x0000000008000000                . = ALIGN (0x4)
 *(.isr_vector)
 .isr_vector    0x0000000008000000       0xc0 ./Core/Startup/startup_stm32f070cbtx.o
                0x0000000008000000                g_pfnVectors
                0x00000000080000c0                . = ALIGN (0x4)

.text           0x00000000080000c0     0x9974
                0x00000000080000c0                . = ALIGN (0x4)
 *(.text)
 .text          0x00000000080000c0       0x48 c:/st/stm32cubeide_1.10.1/stm32cubeide/plugins/com.st.stm32cube.ide.mcu.externaltools.gnu-tools-for-stm32.10.3-2021.10.win32_1.0.0.202111181127/tools/bin/../lib/gcc/arm-none-eabi/10.3.1/thumb/v6-m/nofp/crtbegin.o
 .text          0x0000000008000108      0x114 c:/st/stm32cubeide_1.10.1/stm32cubeide/plugins/com.st.stm32cube.ide.mcu.externaltools.gnu-tools-for-stm32.10.3-2021.10.win32_1.0.0.202111181127/tools/bin/../lib/gcc/arm-none-eabi/10.3.1/thumb/v6-m/nofp\libgcc.a(_udivsi3.o)
                0x0000000008000108                __aeabi_uidiv
                0x0000000008000108                __udivsi3
                0x0000000008000214                __aeabi_uidivmod
 .text          0x000000000800021c        0x4 c:/st/stm32cubeide_1.10.1/stm32cubeide/plugins/com.st.stm32cube.ide.mcu.externaltools.gnu-tools-for-stm32.10.3-2021.10.win32_1.0.0.202111181127/tools/bin/../lib/gcc/arm-none-eabi/10.3.1/thumb/v6-m/nofp\libgcc.a(_dvmd_tls.o)
                0x000000000800021c                __aeabi_idiv0
                0x000000000800021c                __aeabi_ldiv0
 *(.text*)
 .text.main     0x0000000008000220       0x32 ./Core/Src/main.o
                0x0000000008000220                main
 *fill*         0x0000000008000252        0x2 
 .text.SystemClock_Config
                0x0000000008000254       0xdc ./Core/Src/main.o
                0x0000000008000254                SystemClock_Config
 .text.MX_I2C1_Init
                0x0000000008000330       0x80 ./Core/Src/main.o
 .text.MX_TIM3_Init
                0x00000000080003b0      0x13c ./Core/Src/main.o
 .text.MX_TIM6_Init
                0x00000000080004ec       0x44 ./Core/Src/main.o
 .text.MX_USART1_UART_Init
                0x0000000008000530       0x60 ./Core/Src/main.o
 .text.MX_USART2_UART_Init
                0x0000000008000590       0x60 ./Core/Src/main.o
 .text.MX_USART3_UART_Init
                0x00000000080005f0       0x60 ./Core/Src/main.o
 .text.MX_USART4_UART_Init
                0x0000000008000650       0x60 ./Core/Src/main.o
 .text.MX_GPIO_Init
                0x00000000080006b0      0x128 ./Core/Src/main.o
 .text.Error_Handler
                0x00000000080007d8        0xa ./Core/Src/main.o
                0x00000000080007d8                Error_Handler
 *fill*         0x00000000080007e2        0x2 
 .text.HAL_MspInit
                0x00000000080007e4       0x48 ./Core/Src/stm32f0xx_hal_msp.o
                0x00000000080007e4                HAL_MspInit
 .text.HAL_I2C_MspInit
                0x000000000800082c       0x9c ./Core/Src/stm32f0xx_hal_msp.o
                0x000000000800082c                HAL_I2C_MspInit
 .text.HAL_TIM_Base_MspInit
                0x00000000080008c8       0x74 ./Core/Src/stm32f0xx_hal_msp.o
                0x00000000080008c8                HAL_TIM_Base_MspInit
 .text.HAL_TIM_MspPostInit
                0x000000000800093c       0xc8 ./Core/Src/stm32f0xx_hal_msp.o
                0x000000000800093c                HAL_TIM_MspPostInit
 .text.HAL_UART_MspInit
                0x0000000008000a04      0x240 ./Core/Src/stm32f0xx_hal_msp.o
                0x0000000008000a04                HAL_UART_MspInit
 .text.NMI_Handler
                0x0000000008000c44        0x6 ./Core/Src/stm32f0xx_it.o
                0x0000000008000c44                NMI_Handler
 .text.HardFault_Handler
                0x0000000008000c4a        0x6 ./Core/Src/stm32f0xx_it.o
                0x0000000008000c4a                HardFault_Handler
 .text.SVC_Handler
                0x0000000008000c50        0xa ./Core/Src/stm32f0xx_it.o
                0x0000000008000c50                SVC_Handler
 .text.PendSV_Handler
                0x0000000008000c5a        0xa ./Core/Src/stm32f0xx_it.o
                0x0000000008000c5a                PendSV_Handler
 .text.SysTick_Handler
                0x0000000008000c64        0xe ./Core/Src/stm32f0xx_it.o
                0x0000000008000c64                SysTick_Handler
 *fill*         0x0000000008000c72        0x2 
 .text.TIM6_IRQHandler
                0x0000000008000c74       0x18 ./Core/Src/stm32f0xx_it.o
                0x0000000008000c74                TIM6_IRQHandler
 .text.USART1_IRQHandler
                0x0000000008000c8c       0x18 ./Core/Src/stm32f0xx_it.o
                0x0000000008000c8c                USART1_IRQHandler
 .text.USART2_IRQHandler
                0x0000000008000ca4       0x18 ./Core/Src/stm32f0xx_it.o
                0x0000000008000ca4                USART2_IRQHandler
 .text.USART3_4_IRQHandler
                0x0000000008000cbc       0x24 ./Core/Src/stm32f0xx_it.o
                0x0000000008000cbc                USART3_4_IRQHandler
 .text.USB_IRQHandler
                0x0000000008000ce0       0x18 ./Core/Src/stm32f0xx_it.o
                0x0000000008000ce0                USB_IRQHandler
 .text.SystemInit
                0x0000000008000cf8        0xa ./Core/Src/system_stm32f0xx.o
                0x0000000008000cf8                SystemInit
 *fill*         0x0000000008000d02        0x2 
 .text.Reset_Handler
                0x0000000008000d04       0x50 ./Core/Startup/startup_stm32f070cbtx.o
                0x0000000008000d04                Reset_Handler
 .text.Default_Handler
                0x0000000008000d54        0x2 ./Core/Startup/startup_stm32f070cbtx.o
                0x0000000008000d54                TIM1_CC_IRQHandler
                0x0000000008000d54                I2C1_IRQHandler
                0x0000000008000d54                SPI1_IRQHandler
                0x0000000008000d54                EXTI2_3_IRQHandler
                0x0000000008000d54                ADC1_IRQHandler
                0x0000000008000d54                I2C2_IRQHandler
                0x0000000008000d54                TIM17_IRQHandler
                0x0000000008000d54                RTC_IRQHandler
                0x0000000008000d54                TIM16_IRQHandler
                0x0000000008000d54                TIM3_IRQHandler
                0x0000000008000d54                EXTI4_15_IRQHandler
                0x0000000008000d54                RCC_IRQHandler
                0x0000000008000d54                DMA1_Channel1_IRQHandler
                0x0000000008000d54                Default_Handler
                0x0000000008000d54                TIM14_IRQHandler
                0x0000000008000d54                DMA1_Channel4_5_IRQHandler
                0x0000000008000d54                TIM7_IRQHandler
                0x0000000008000d54                TIM15_IRQHandler
                0x0000000008000d54                EXTI0_1_IRQHandler
                0x0000000008000d54                SPI2_IRQHandler
                0x0000000008000d54                WWDG_IRQHandler
                0x0000000008000d54                DMA1_Channel2_3_IRQHandler
                0x0000000008000d54                FLASH_IRQHandler
                0x0000000008000d54                TIM1_BRK_UP_TRG_COM_IRQHandler
 *fill*         0x0000000008000d56        0x2 
 .text.HAL_Init
                0x0000000008000d58       0x28 ./Drivers/STM32F0xx_HAL_Driver/Src/stm32f0xx_hal.o
                0x0000000008000d58                HAL_Init
 .text.HAL_InitTick
                0x0000000008000d80       0x68 ./Drivers/STM32F0xx_HAL_Driver/Src/stm32f0xx_hal.o
                0x0000000008000d80                HAL_InitTick
 .text.HAL_IncTick
                0x0000000008000de8       0x24 ./Drivers/STM32F0xx_HAL_Driver/Src/stm32f0xx_hal.o
                0x0000000008000de8                HAL_IncTick
 .text.HAL_GetTick
                0x0000000008000e0c       0x14 ./Drivers/STM32F0xx_HAL_Driver/Src/stm32f0xx_hal.o
                0x0000000008000e0c                HAL_GetTick
 .text.__NVIC_EnableIRQ
                0x0000000008000e20       0x34 ./Drivers/STM32F0xx_HAL_Driver/Src/stm32f0xx_hal_cortex.o
 .text.__NVIC_SetPriority
                0x0000000008000e54       0xdc ./Drivers/STM32F0xx_HAL_Driver/Src/stm32f0xx_hal_cortex.o
 .text.SysTick_Config
                0x0000000008000f30       0x48 ./Drivers/STM32F0xx_HAL_Driver/Src/stm32f0xx_hal_cortex.o
 .text.HAL_NVIC_SetPriority
                0x0000000008000f78       0x2a ./Drivers/STM32F0xx_HAL_Driver/Src/stm32f0xx_hal_cortex.o
                0x0000000008000f78                HAL_NVIC_SetPriority
 .text.HAL_NVIC_EnableIRQ
                0x0000000008000fa2       0x20 ./Drivers/STM32F0xx_HAL_Driver/Src/stm32f0xx_hal_cortex.o
                0x0000000008000fa2                HAL_NVIC_EnableIRQ
 .text.HAL_SYSTICK_Config
                0x0000000008000fc2       0x1a ./Drivers/STM32F0xx_HAL_Driver/Src/stm32f0xx_hal_cortex.o
                0x0000000008000fc2                HAL_SYSTICK_Config
 .text.HAL_DMA_Abort
                0x0000000008000fdc       0x70 ./Drivers/STM32F0xx_HAL_Driver/Src/stm32f0xx_hal_dma.o
                0x0000000008000fdc                HAL_DMA_Abort
 .text.HAL_DMA_Abort_IT
                0x000000000800104c       0x8a ./Drivers/STM32F0xx_HAL_Driver/Src/stm32f0xx_hal_dma.o
                0x000000000800104c                HAL_DMA_Abort_IT
 *fill*         0x00000000080010d6        0x2 
 .text.HAL_GPIO_Init
                0x00000000080010d8      0x2e0 ./Drivers/STM32F0xx_HAL_Driver/Src/stm32f0xx_hal_gpio.o
                0x00000000080010d8                HAL_GPIO_Init
 .text.HAL_GPIO_WritePin
                0x00000000080013b8       0x3a ./Drivers/STM32F0xx_HAL_Driver/Src/stm32f0xx_hal_gpio.o
                0x00000000080013b8                HAL_GPIO_WritePin
 *fill*         0x00000000080013f2        0x2 
 .text.HAL_I2C_Init
                0x00000000080013f4      0x12c ./Drivers/STM32F0xx_HAL_Driver/Src/stm32f0xx_hal_i2c.o
                0x00000000080013f4                HAL_I2C_Init
 .text.HAL_I2CEx_ConfigAnalogFilter
                0x0000000008001520       0x98 ./Drivers/STM32F0xx_HAL_Driver/Src/stm32f0xx_hal_i2c_ex.o
                0x0000000008001520                HAL_I2CEx_ConfigAnalogFilter
 .text.HAL_I2CEx_ConfigDigitalFilter
                0x00000000080015b8       0x98 ./Drivers/STM32F0xx_HAL_Driver/Src/stm32f0xx_hal_i2c_ex.o
                0x00000000080015b8                HAL_I2CEx_ConfigDigitalFilter
 .text.HAL_PCD_Init
                0x0000000008001650      0x220 ./Drivers/STM32F0xx_HAL_Driver/Src/stm32f0xx_hal_pcd.o
                0x0000000008001650                HAL_PCD_Init
 .text.HAL_PCD_Start
                0x0000000008001870       0x4a ./Drivers/STM32F0xx_HAL_Driver/Src/stm32f0xx_hal_pcd.o
                0x0000000008001870                HAL_PCD_Start
 *fill*         0x00000000080018ba        0x2 
 .text.HAL_PCD_IRQHandler
                0x00000000080018bc      0x2f8 ./Drivers/STM32F0xx_HAL_Driver/Src/stm32f0xx_hal_pcd.o
                0x00000000080018bc                HAL_PCD_IRQHandler
 .text.HAL_PCD_SetAddress
                0x0000000008001bb4       0x56 ./Drivers/STM32F0xx_HAL_Driver/Src/stm32f0xx_hal_pcd.o
                0x0000000008001bb4                HAL_PCD_SetAddress
 .text.HAL_PCD_EP_Open
                0x0000000008001c0a       0xf0 ./Drivers/STM32F0xx_HAL_Driver/Src/stm32f0xx_hal_pcd.o
                0x0000000008001c0a                HAL_PCD_EP_Open
 .text.HAL_PCD_EP_Close
                0x0000000008001cfa       0xa2 ./Drivers/STM32F0xx_HAL_Driver/Src/stm32f0xx_hal_pcd.o
                0x0000000008001cfa                HAL_PCD_EP_Close
 .text.HAL_PCD_EP_Receive
                0x0000000008001d9c       0x88 ./Drivers/STM32F0xx_HAL_Driver/Src/stm32f0xx_hal_pcd.o
                0x0000000008001d9c                HAL_PCD_EP_Receive
 .text.HAL_PCD_EP_Transmit
                0x0000000008001e24       0x92 ./Drivers/STM32F0xx_HAL_Driver/Src/stm32f0xx_hal_pcd.o
                0x0000000008001e24                HAL_PCD_EP_Transmit
 .text.HAL_PCD_EP_SetStall
                0x0000000008001eb6       0xb8 ./Drivers/STM32F0xx_HAL_Driver/Src/stm32f0xx_hal_pcd.o
                0x0000000008001eb6                HAL_PCD_EP_SetStall
 .text.HAL_PCD_EP_ClrStall
                0x0000000008001f6e       0xbc ./Drivers/STM32F0xx_HAL_Driver/Src/stm32f0xx_hal_pcd.o
                0x0000000008001f6e                HAL_PCD_EP_ClrStall
 *fill*         0x000000000800202a        0x2 
 .text.PCD_EP_ISR_Handler
                0x000000000800202c      0x7e4 ./Drivers/STM32F0xx_HAL_Driver/Src/stm32f0xx_hal_pcd.o
 .text.HAL_PCD_EP_DB_Receive
                0x0000000008002810      0x238 ./Drivers/STM32F0xx_HAL_Driver/Src/stm32f0xx_hal_pcd.o
 .text.HAL_PCD_EP_DB_Transmit
                0x0000000008002a48      0x7b4 ./Drivers/STM32F0xx_HAL_Driver/Src/stm32f0xx_hal_pcd.o
 .text.HAL_PCDEx_PMAConfig
                0x00000000080031fc       0x9c ./Drivers/STM32F0xx_HAL_Driver/Src/stm32f0xx_hal_pcd_ex.o
                0x00000000080031fc                HAL_PCDEx_PMAConfig
 .text.HAL_PCDEx_ActivateLPM
                0x0000000008003298       0x54 ./Drivers/STM32F0xx_HAL_Driver/Src/stm32f0xx_hal_pcd_ex.o
                0x0000000008003298                HAL_PCDEx_ActivateLPM
 .text.HAL_PCDEx_LPM_Callback
                0x00000000080032ec       0x16 ./Drivers/STM32F0xx_HAL_Driver/Src/stm32f0xx_hal_pcd_ex.o
                0x00000000080032ec                HAL_PCDEx_LPM_Callback
 *fill*         0x0000000008003302        0x2 
 .text.HAL_RCC_OscConfig
                0x0000000008003304      0x63c ./Drivers/STM32F0xx_HAL_Driver/Src/stm32f0xx_hal_rcc.o
                0x0000000008003304                HAL_RCC_OscConfig
 .text.HAL_RCC_ClockConfig
                0x0000000008003940      0x19c ./Drivers/STM32F0xx_HAL_Driver/Src/stm32f0xx_hal_rcc.o
                0x0000000008003940                HAL_RCC_ClockConfig
 .text.HAL_RCC_GetSysClockFreq
                0x0000000008003adc       0xcc ./Drivers/STM32F0xx_HAL_Driver/Src/stm32f0xx_hal_rcc.o
                0x0000000008003adc                HAL_RCC_GetSysClockFreq
 .text.HAL_RCC_GetHCLKFreq
                0x0000000008003ba8       0x14 ./Drivers/STM32F0xx_HAL_Driver/Src/stm32f0xx_hal_rcc.o
                0x0000000008003ba8                HAL_RCC_GetHCLKFreq
 .text.HAL_RCC_GetPCLK1Freq
                0x0000000008003bbc       0x2c ./Drivers/STM32F0xx_HAL_Driver/Src/stm32f0xx_hal_rcc.o
                0x0000000008003bbc                HAL_RCC_GetPCLK1Freq
 .text.HAL_RCCEx_PeriphCLKConfig
                0x0000000008003be8      0x1bc ./Drivers/STM32F0xx_HAL_Driver/Src/stm32f0xx_hal_rcc_ex.o
                0x0000000008003be8                HAL_RCCEx_PeriphCLKConfig
 .text.HAL_TIM_Base_Init
                0x0000000008003da4       0xa0 ./Drivers/STM32F0xx_HAL_Driver/Src/stm32f0xx_hal_tim.o
                0x0000000008003da4                HAL_TIM_Base_Init
 .text.HAL_TIM_PWM_Init
                0x0000000008003e44       0xa0 ./Drivers/STM32F0xx_HAL_Driver/Src/stm32f0xx_hal_tim.o
                0x0000000008003e44                HAL_TIM_PWM_Init
 .text.HAL_TIM_PWM_MspInit
                0x0000000008003ee4       0x10 ./Drivers/STM32F0xx_HAL_Driver/Src/stm32f0xx_hal_tim.o
                0x0000000008003ee4                HAL_TIM_PWM_MspInit
 .text.HAL_TIM_IRQHandler
                0x0000000008003ef4      0x22c ./Drivers/STM32F0xx_HAL_Driver/Src/stm32f0xx_hal_tim.o
                0x0000000008003ef4                HAL_TIM_IRQHandler
 .text.HAL_TIM_PWM_ConfigChannel
                0x0000000008004120      0x18c ./Drivers/STM32F0xx_HAL_Driver/Src/stm32f0xx_hal_tim.o
                0x0000000008004120                HAL_TIM_PWM_ConfigChannel
 .text.HAL_TIM_ConfigClockSource
                0x00000000080042ac      0x1a8 ./Drivers/STM32F0xx_HAL_Driver/Src/stm32f0xx_hal_tim.o
                0x00000000080042ac                HAL_TIM_ConfigClockSource
 .text.HAL_TIM_PeriodElapsedCallback
                0x0000000008004454       0x10 ./Drivers/STM32F0xx_HAL_Driver/Src/stm32f0xx_hal_tim.o
                0x0000000008004454                HAL_TIM_PeriodElapsedCallback
 .text.HAL_TIM_OC_DelayElapsedCallback
                0x0000000008004464       0x10 ./Drivers/STM32F0xx_HAL_Driver/Src/stm32f0xx_hal_tim.o
                0x0000000008004464                HAL_TIM_OC_DelayElapsedCallback
 .text.HAL_TIM_IC_CaptureCallback
                0x0000000008004474       0x10 ./Drivers/STM32F0xx_HAL_Driver/Src/stm32f0xx_hal_tim.o
                0x0000000008004474                HAL_TIM_IC_CaptureCallback
 .text.HAL_TIM_PWM_PulseFinishedCallback
                0x0000000008004484       0x10 ./Drivers/STM32F0xx_HAL_Driver/Src/stm32f0xx_hal_tim.o
                0x0000000008004484                HAL_TIM_PWM_PulseFinishedCallback
 .text.HAL_TIM_TriggerCallback
                0x0000000008004494       0x10 ./Drivers/STM32F0xx_HAL_Driver/Src/stm32f0xx_hal_tim.o
                0x0000000008004494                HAL_TIM_TriggerCallback
 .text.TIM_Base_SetConfig
                0x00000000080044a4       0xec ./Drivers/STM32F0xx_HAL_Driver/Src/stm32f0xx_hal_tim.o
                0x00000000080044a4                TIM_Base_SetConfig
 .text.TIM_OC1_SetConfig
                0x0000000008004590      0x110 ./Drivers/STM32F0xx_HAL_Driver/Src/stm32f0xx_hal_tim.o
 .text.TIM_OC2_SetConfig
                0x00000000080046a0      0x108 ./Drivers/STM32F0xx_HAL_Driver/Src/stm32f0xx_hal_tim.o
                0x00000000080046a0                TIM_OC2_SetConfig
 .text.TIM_OC3_SetConfig
                0x00000000080047a8      0x10c ./Drivers/STM32F0xx_HAL_Driver/Src/stm32f0xx_hal_tim.o
 .text.TIM_OC4_SetConfig
                0x00000000080048b4       0xd4 ./Drivers/STM32F0xx_HAL_Driver/Src/stm32f0xx_hal_tim.o
 .text.TIM_TI1_ConfigInputStage
                0x0000000008004988       0x5c ./Drivers/STM32F0xx_HAL_Driver/Src/stm32f0xx_hal_tim.o
 .text.TIM_TI2_ConfigInputStage
                0x00000000080049e4       0x64 ./Drivers/STM32F0xx_HAL_Driver/Src/stm32f0xx_hal_tim.o
 .text.TIM_ITRx_SetConfig
                0x0000000008004a48       0x32 ./Drivers/STM32F0xx_HAL_Driver/Src/stm32f0xx_hal_tim.o
 *fill*         0x0000000008004a7a        0x2 
 .text.TIM_ETR_SetConfig
                0x0000000008004a7c       0x40 ./Drivers/STM32F0xx_HAL_Driver/Src/stm32f0xx_hal_tim.o
                0x0000000008004a7c                TIM_ETR_SetConfig
 .text.HAL_TIMEx_MasterConfigSynchronization
                0x0000000008004abc       0xb0 ./Drivers/STM32F0xx_HAL_Driver/Src/stm32f0xx_hal_tim_ex.o
                0x0000000008004abc                HAL_TIMEx_MasterConfigSynchronization
 .text.HAL_TIMEx_CommutCallback
                0x0000000008004b6c       0x10 ./Drivers/STM32F0xx_HAL_Driver/Src/stm32f0xx_hal_tim_ex.o
                0x0000000008004b6c                HAL_TIMEx_CommutCallback
 .text.HAL_TIMEx_BreakCallback
                0x0000000008004b7c       0x10 ./Drivers/STM32F0xx_HAL_Driver/Src/stm32f0xx_hal_tim_ex.o
                0x0000000008004b7c                HAL_TIMEx_BreakCallback
 .text.HAL_UART_Init
                0x0000000008004b8c       0xa8 ./Drivers/STM32F0xx_HAL_Driver/Src/stm32f0xx_hal_uart.o
                0x0000000008004b8c                HAL_UART_Init
 .text.HAL_UART_IRQHandler
                0x0000000008004c34      0x580 ./Drivers/STM32F0xx_HAL_Driver/Src/stm32f0xx_hal_uart.o
                0x0000000008004c34                HAL_UART_IRQHandler
 .text.HAL_UART_TxCpltCallback
                0x00000000080051b4       0x10 ./Drivers/STM32F0xx_HAL_Driver/Src/stm32f0xx_hal_uart.o
                0x00000000080051b4                HAL_UART_TxCpltCallback
 .text.HAL_UART_ErrorCallback
                0x00000000080051c4       0x10 ./Drivers/STM32F0xx_HAL_Driver/Src/stm32f0xx_hal_uart.o
                0x00000000080051c4                HAL_UART_ErrorCallback
 .text.HAL_UARTEx_RxEventCallback
                0x00000000080051d4       0x16 ./Drivers/STM32F0xx_HAL_Driver/Src/stm32f0xx_hal_uart.o
                0x00000000080051d4                HAL_UARTEx_RxEventCallback
 *fill*         0x00000000080051ea        0x2 
 .text.UART_SetConfig
                0x00000000080051ec      0x2b0 ./Drivers/STM32F0xx_HAL_Driver/Src/stm32f0xx_hal_uart.o
                0x00000000080051ec                UART_SetConfig
 .text.UART_AdvFeatureConfig
                0x000000000800549c      0x168 ./Drivers/STM32F0xx_HAL_Driver/Src/stm32f0xx_hal_uart.o
                0x000000000800549c                UART_AdvFeatureConfig
 .text.UART_CheckIdleState
                0x0000000008005604       0x90 ./Drivers/STM32F0xx_HAL_Driver/Src/stm32f0xx_hal_uart.o
                0x0000000008005604                UART_CheckIdleState
 .text.UART_WaitOnFlagUntilTimeout
                0x0000000008005694      0x188 ./Drivers/STM32F0xx_HAL_Driver/Src/stm32f0xx_hal_uart.o
                0x0000000008005694                UART_WaitOnFlagUntilTimeout
 .text.UART_EndRxTransfer
                0x000000000800581c       0xc4 ./Drivers/STM32F0xx_HAL_Driver/Src/stm32f0xx_hal_uart.o
 .text.UART_DMAAbortOnError
                0x00000000080058e0       0x2e ./Drivers/STM32F0xx_HAL_Driver/Src/stm32f0xx_hal_uart.o
 .text.UART_EndTransmit_IT
                0x000000000800590e       0x56 ./Drivers/STM32F0xx_HAL_Driver/Src/stm32f0xx_hal_uart.o
 .text.USB_EnableGlobalInt
                0x0000000008005964       0x2c ./Drivers/STM32F0xx_HAL_Driver/Src/stm32f0xx_ll_usb.o
                0x0000000008005964                USB_EnableGlobalInt
 .text.USB_DisableGlobalInt
                0x0000000008005990       0x34 ./Drivers/STM32F0xx_HAL_Driver/Src/stm32f0xx_ll_usb.o
                0x0000000008005990                USB_DisableGlobalInt
 .text.USB_DevInit
                0x00000000080059c4       0x4e ./Drivers/STM32F0xx_HAL_Driver/Src/stm32f0xx_ll_usb.o
                0x00000000080059c4                USB_DevInit
 *fill*         0x0000000008005a12        0x2 
 .text.USB_ActivateEndpoint
                0x0000000008005a14      0x6e8 ./Drivers/STM32F0xx_HAL_Driver/Src/stm32f0xx_ll_usb.o
                0x0000000008005a14                USB_ActivateEndpoint
 .text.USB_DeactivateEndpoint
                0x00000000080060fc      0x380 ./Drivers/STM32F0xx_HAL_Driver/Src/stm32f0xx_ll_usb.o
                0x00000000080060fc                USB_DeactivateEndpoint
 .text.USB_EPStartXfer
                0x000000000800647c     0x1174 ./Drivers/STM32F0xx_HAL_Driver/Src/stm32f0xx_ll_usb.o
                0x000000000800647c                USB_EPStartXfer
 .text.USB_EPSetStall
                0x00000000080075f0       0xa0 ./Drivers/STM32F0xx_HAL_Driver/Src/stm32f0xx_ll_usb.o
                0x00000000080075f0                USB_EPSetStall
 .text.USB_EPClearStall
                0x0000000008007690      0x164 ./Drivers/STM32F0xx_HAL_Driver/Src/stm32f0xx_ll_usb.o
                0x0000000008007690                USB_EPClearStall
 .text.USB_SetDevAddress
                0x00000000080077f4       0x28 ./Drivers/STM32F0xx_HAL_Driver/Src/stm32f0xx_ll_usb.o
                0x00000000080077f4                USB_SetDevAddress
 .text.USB_DevConnect
                0x000000000800781c       0x2c ./Drivers/STM32F0xx_HAL_Driver/Src/stm32f0xx_ll_usb.o
                0x000000000800781c                USB_DevConnect
 .text.USB_ReadInterrupts
                0x0000000008007848       0x1c ./Drivers/STM32F0xx_HAL_Driver/Src/stm32f0xx_ll_usb.o
                0x0000000008007848                USB_ReadInterrupts
 .text.USB_WritePMA
                0x0000000008007864       0x88 ./Drivers/STM32F0xx_HAL_Driver/Src/stm32f0xx_ll_usb.o
                0x0000000008007864                USB_WritePMA
 .text.USB_ReadPMA
                0x00000000080078ec       0x9e ./Drivers/STM32F0xx_HAL_Driver/Src/stm32f0xx_ll_usb.o
                0x00000000080078ec                USB_ReadPMA
 .text.USBD_HID_Init
                0x000000000800798a       0x56 ./Middlewares/ST/STM32_USB_Device_Library/Class/HID/Src/usbd_hid.o
 .text.USBD_HID_DeInit
                0x00000000080079e0       0x4c ./Middlewares/ST/STM32_USB_Device_Library/Class/HID/Src/usbd_hid.o
 .text.USBD_HID_Setup
                0x0000000008007a2c      0x21c ./Middlewares/ST/STM32_USB_Device_Library/Class/HID/Src/usbd_hid.o
 .text.USBD_HID_GetFSCfgDesc
                0x0000000008007c48       0x1c ./Middlewares/ST/STM32_USB_Device_Library/Class/HID/Src/usbd_hid.o
 .text.USBD_HID_GetHSCfgDesc
                0x0000000008007c64       0x1c ./Middlewares/ST/STM32_USB_Device_Library/Class/HID/Src/usbd_hid.o
 .text.USBD_HID_GetOtherSpeedCfgDesc
                0x0000000008007c80       0x1c ./Middlewares/ST/STM32_USB_Device_Library/Class/HID/Src/usbd_hid.o
 .text.USBD_HID_DataIn
                0x0000000008007c9c       0x24 ./Middlewares/ST/STM32_USB_Device_Library/Class/HID/Src/usbd_hid.o
 .text.USBD_HID_GetDeviceQualifierDesc
                0x0000000008007cc0       0x1c ./Middlewares/ST/STM32_USB_Device_Library/Class/HID/Src/usbd_hid.o
 .text.USBD_Init
                0x0000000008007cdc       0x62 ./Middlewares/ST/STM32_USB_Device_Library/Core/Src/usbd_core.o
                0x0000000008007cdc                USBD_Init
 .text.USBD_RegisterClass
                0x0000000008007d3e       0x40 ./Middlewares/ST/STM32_USB_Device_Library/Core/Src/usbd_core.o
                0x0000000008007d3e                USBD_RegisterClass
 .text.USBD_Start
                0x0000000008007d7e       0x1a ./Middlewares/ST/STM32_USB_Device_Library/Core/Src/usbd_core.o
                0x0000000008007d7e                USBD_Start
 .text.USBD_RunTestMode
                0x0000000008007d98       0x12 ./Middlewares/ST/STM32_USB_Device_Library/Core/Src/usbd_core.o
                0x0000000008007d98                USBD_RunTestMode
 .text.USBD_SetClassConfig
                0x0000000008007daa       0x4e ./Middlewares/ST/STM32_USB_Device_Library/Core/Src/usbd_core.o
                0x0000000008007daa                USBD_SetClassConfig
 .text.USBD_ClrClassConfig
                0x0000000008007df8       0x2c ./Middlewares/ST/STM32_USB_Device_Library/Core/Src/usbd_core.o
                0x0000000008007df8                USBD_ClrClassConfig
 .text.USBD_LL_SetupStage
                0x0000000008007e24       0xbc ./Middlewares/ST/STM32_USB_Device_Library/Core/Src/usbd_core.o
                0x0000000008007e24                USBD_LL_SetupStage
 .text.USBD_LL_DataOutStage
                0x0000000008007ee0      0x104 ./Middlewares/ST/STM32_USB_Device_Library/Core/Src/usbd_core.o
                0x0000000008007ee0                USBD_LL_DataOutStage
 .text.USBD_LL_DataInStage
                0x0000000008007fe4      0x17a ./Middlewares/ST/STM32_USB_Device_Library/Core/Src/usbd_core.o
                0x0000000008007fe4                USBD_LL_DataInStage
 .text.USBD_LL_Reset
                0x000000000800815e       0x90 ./Middlewares/ST/STM32_USB_Device_Library/Core/Src/usbd_core.o
                0x000000000800815e                USBD_LL_Reset
 .text.USBD_LL_SetSpeed
                0x00000000080081ee       0x20 ./Middlewares/ST/STM32_USB_Device_Library/Core/Src/usbd_core.o
                0x00000000080081ee                USBD_LL_SetSpeed
 *fill*         0x000000000800820e        0x2 
 .text.USBD_LL_Suspend
                0x0000000008008210       0x30 ./Middlewares/ST/STM32_USB_Device_Library/Core/Src/usbd_core.o
                0x0000000008008210                USBD_LL_Suspend
 .text.USBD_LL_Resume
                0x0000000008008240       0x30 ./Middlewares/ST/STM32_USB_Device_Library/Core/Src/usbd_core.o
                0x0000000008008240                USBD_LL_Resume
 .text.USBD_LL_SOF
                0x0000000008008270       0x3c ./Middlewares/ST/STM32_USB_Device_Library/Core/Src/usbd_core.o
                0x0000000008008270                USBD_LL_SOF
 .text.USBD_StdDevReq
                0x00000000080082ac       0xe4 ./Middlewares/ST/STM32_USB_Device_Library/Core/Src/usbd_ctlreq.o
                0x00000000080082ac                USBD_StdDevReq
 .text.USBD_StdItfReq
                0x0000000008008390       0xae ./Middlewares/ST/STM32_USB_Device_Library/Core/Src/usbd_ctlreq.o
                0x0000000008008390                USBD_StdItfReq
 .text.USBD_StdEPReq
                0x000000000800843e      0x36c ./Middlewares/ST/STM32_USB_Device_Library/Core/Src/usbd_ctlreq.o
                0x000000000800843e                USBD_StdEPReq
 *fill*         0x00000000080087aa        0x2 
 .text.USBD_GetDescriptor
                0x00000000080087ac      0x364 ./Middlewares/ST/STM32_USB_Device_Library/Core/Src/usbd_ctlreq.o
 .text.USBD_SetAddress
                0x0000000008008b10       0xa8 ./Middlewares/ST/STM32_USB_Device_Library/Core/Src/usbd_ctlreq.o
 .text.USBD_SetConfig
                0x0000000008008bb8      0x148 ./Middlewares/ST/STM32_USB_Device_Library/Core/Src/usbd_ctlreq.o
 .text.USBD_GetConfig
                0x0000000008008d00       0x76 ./Middlewares/ST/STM32_USB_Device_Library/Core/Src/usbd_ctlreq.o
 .text.USBD_GetStatus
                0x0000000008008d76       0x74 ./Middlewares/ST/STM32_USB_Device_Library/Core/Src/usbd_ctlreq.o
 .text.USBD_SetFeature
                0x0000000008008dea       0x2c ./Middlewares/ST/STM32_USB_Device_Library/Core/Src/usbd_ctlreq.o
 .text.USBD_ClrFeature
                0x0000000008008e16       0x4c ./Middlewares/ST/STM32_USB_Device_Library/Core/Src/usbd_ctlreq.o
 .text.USBD_ParseSetupRequest
                0x0000000008008e62       0x76 ./Middlewares/ST/STM32_USB_Device_Library/Core/Src/usbd_ctlreq.o
                0x0000000008008e62                USBD_ParseSetupRequest
 .text.USBD_CtlError
                0x0000000008008ed8       0x26 ./Middlewares/ST/STM32_USB_Device_Library/Core/Src/usbd_ctlreq.o
                0x0000000008008ed8                USBD_CtlError
 .text.USBD_GetString
                0x0000000008008efe       0x9c ./Middlewares/ST/STM32_USB_Device_Library/Core/Src/usbd_ctlreq.o
                0x0000000008008efe                USBD_GetString
 .text.USBD_GetLen
                0x0000000008008f9a       0x3a ./Middlewares/ST/STM32_USB_Device_Library/Core/Src/usbd_ctlreq.o
 .text.USBD_CtlSendData
                0x0000000008008fd4       0x40 ./Middlewares/ST/STM32_USB_Device_Library/Core/Src/usbd_ioreq.o
                0x0000000008008fd4                USBD_CtlSendData
 .text.USBD_CtlContinueSendData
                0x0000000008009014       0x26 ./Middlewares/ST/STM32_USB_Device_Library/Core/Src/usbd_ioreq.o
                0x0000000008009014                USBD_CtlContinueSendData
 .text.USBD_CtlContinueRx
                0x000000000800903a       0x26 ./Middlewares/ST/STM32_USB_Device_Library/Core/Src/usbd_ioreq.o
                0x000000000800903a                USBD_CtlContinueRx
 .text.USBD_CtlSendStatus
                0x0000000008009060       0x28 ./Middlewares/ST/STM32_USB_Device_Library/Core/Src/usbd_ioreq.o
                0x0000000008009060                USBD_CtlSendStatus
 .text.USBD_CtlReceiveStatus
                0x0000000008009088       0x28 ./Middlewares/ST/STM32_USB_Device_Library/Core/Src/usbd_ioreq.o
                0x0000000008009088                USBD_CtlReceiveStatus
 .text.MX_USB_DEVICE_Init
                0x00000000080090b0       0x50 ./USB_DEVICE/App/usb_device.o
                0x00000000080090b0                MX_USB_DEVICE_Init
 .text.USBD_FS_DeviceDescriptor
                0x0000000008009100       0x24 ./USB_DEVICE/App/usbd_desc.o
                0x0000000008009100                USBD_FS_DeviceDescriptor
 .text.USBD_FS_LangIDStrDescriptor
                0x0000000008009124       0x24 ./USB_DEVICE/App/usbd_desc.o
                0x0000000008009124                USBD_FS_LangIDStrDescriptor
 .text.USBD_FS_ProductStrDescriptor
                0x0000000008009148       0x44 ./USB_DEVICE/App/usbd_desc.o
                0x0000000008009148                USBD_FS_ProductStrDescriptor
 .text.USBD_FS_ManufacturerStrDescriptor
                0x000000000800918c       0x2c ./USB_DEVICE/App/usbd_desc.o
                0x000000000800918c                USBD_FS_ManufacturerStrDescriptor
 .text.USBD_FS_SerialStrDescriptor
                0x00000000080091b8       0x28 ./USB_DEVICE/App/usbd_desc.o
                0x00000000080091b8                USBD_FS_SerialStrDescriptor
 .text.USBD_FS_ConfigStrDescriptor
                0x00000000080091e0       0x44 ./USB_DEVICE/App/usbd_desc.o
                0x00000000080091e0                USBD_FS_ConfigStrDescriptor
 .text.USBD_FS_InterfaceStrDescriptor
                0x0000000008009224       0x44 ./USB_DEVICE/App/usbd_desc.o
                0x0000000008009224                USBD_FS_InterfaceStrDescriptor
 .text.Get_SerialNum
                0x0000000008009268       0x5c ./USB_DEVICE/App/usbd_desc.o
 .text.IntToUnicode
                0x00000000080092c4       0x96 ./USB_DEVICE/App/usbd_desc.o
 *fill*         0x000000000800935a        0x2 
 .text.HAL_PCD_MspInit
                0x000000000800935c       0x50 ./USB_DEVICE/Target/usbd_conf.o
                0x000000000800935c                HAL_PCD_MspInit
 .text.HAL_PCD_SetupStageCallback
                0x00000000080093ac       0x2a ./USB_DEVICE/Target/usbd_conf.o
                0x00000000080093ac                HAL_PCD_SetupStageCallback
 .text.HAL_PCD_DataOutStageCallback
                0x00000000080093d6       0x42 ./USB_DEVICE/Target/usbd_conf.o
                0x00000000080093d6                HAL_PCD_DataOutStageCallback
 .text.HAL_PCD_DataInStageCallback
                0x0000000008009418       0x3c ./USB_DEVICE/Target/usbd_conf.o
                0x0000000008009418                HAL_PCD_DataInStageCallback
 .text.HAL_PCD_SOFCallback
                0x0000000008009454       0x1e ./USB_DEVICE/Target/usbd_conf.o
                0x0000000008009454                HAL_PCD_SOFCallback
 .text.HAL_PCD_ResetCallback
                0x0000000008009472       0x48 ./USB_DEVICE/Target/usbd_conf.o
                0x0000000008009472                HAL_PCD_ResetCallback
 *fill*         0x00000000080094ba        0x2 
 .text.HAL_PCD_SuspendCallback
                0x00000000080094bc       0x38 ./USB_DEVICE/Target/usbd_conf.o
                0x00000000080094bc                HAL_PCD_SuspendCallback
 .text.HAL_PCD_ResumeCallback
                0x00000000080094f4       0x3c ./USB_DEVICE/Target/usbd_conf.o
                0x00000000080094f4                HAL_PCD_ResumeCallback
 .text.USBD_LL_Init
                0x0000000008009530       0xa0 ./USB_DEVICE/Target/usbd_conf.o
                0x0000000008009530                USBD_LL_Init
 .text.USBD_LL_Start
                0x00000000080095d0       0x4a ./USB_DEVICE/Target/usbd_conf.o
                0x00000000080095d0                USBD_LL_Start
 .text.USBD_LL_OpenEP
                0x000000000800961a       0x6e ./USB_DEVICE/Target/usbd_conf.o
                0x000000000800961a                USBD_LL_OpenEP
 .text.USBD_LL_CloseEP
                0x0000000008009688       0x56 ./USB_DEVICE/Target/usbd_conf.o
                0x0000000008009688                USBD_LL_CloseEP
 .text.USBD_LL_StallEP
                0x00000000080096de       0x56 ./USB_DEVICE/Target/usbd_conf.o
                0x00000000080096de                USBD_LL_StallEP
 .text.USBD_LL_ClearStallEP
                0x0000000008009734       0x56 ./USB_DEVICE/Target/usbd_conf.o
                0x0000000008009734                USBD_LL_ClearStallEP
 .text.USBD_LL_IsStallEP
                0x000000000800978a       0x62 ./USB_DEVICE/Target/usbd_conf.o
                0x000000000800978a                USBD_LL_IsStallEP
 .text.USBD_LL_SetUSBAddress
                0x00000000080097ec       0x56 ./USB_DEVICE/Target/usbd_conf.o
                0x00000000080097ec                USBD_LL_SetUSBAddress
 .text.USBD_LL_Transmit
                0x0000000008009842       0x6e ./USB_DEVICE/Target/usbd_conf.o
                0x0000000008009842                USBD_LL_Transmit
 .text.USBD_LL_PrepareReceive
                0x00000000080098b0       0x6e ./USB_DEVICE/Target/usbd_conf.o
                0x00000000080098b0                USBD_LL_PrepareReceive
 *fill*         0x000000000800991e        0x2 
 .text.USBD_static_malloc
                0x0000000008009920       0x18 ./USB_DEVICE/Target/usbd_conf.o
                0x0000000008009920                USBD_static_malloc
 .text.USBD_static_free
                0x0000000008009938       0x10 ./USB_DEVICE/Target/usbd_conf.o
                0x0000000008009938                USBD_static_free
 .text.SystemClockConfig_Resume
                0x0000000008009948        0xe ./USB_DEVICE/Target/usbd_conf.o
 .text.USBD_Get_USB_Status
                0x0000000008009956       0x6e ./USB_DEVICE/Target/usbd_conf.o
 .text.__libc_init_array
                0x00000000080099c4       0x48 c:/st/stm32cubeide_1.10.1/stm32cubeide/plugins/com.st.stm32cube.ide.mcu.externaltools.gnu-tools-for-stm32.10.3-2021.10.win32_1.0.0.202111181127/tools/bin/../lib/gcc/arm-none-eabi/10.3.1/../../../../arm-none-eabi/lib/thumb/v6-m/nofp\libc_nano.a(lib_a-init.o)
                0x00000000080099c4                __libc_init_array
 .text.memset   0x0000000008009a0c       0x10 c:/st/stm32cubeide_1.10.1/stm32cubeide/plugins/com.st.stm32cube.ide.mcu.externaltools.gnu-tools-for-stm32.10.3-2021.10.win32_1.0.0.202111181127/tools/bin/../lib/gcc/arm-none-eabi/10.3.1/../../../../arm-none-eabi/lib/thumb/v6-m/nofp\libc_nano.a(lib_a-memset.o)
                0x0000000008009a0c                memset
 *(.glue_7)
 .glue_7        0x0000000008009a1c        0x0 linker stubs
 *(.glue_7t)
 .glue_7t       0x0000000008009a1c        0x0 linker stubs
 *(.eh_frame)
 .eh_frame      0x0000000008009a1c        0x0 c:/st/stm32cubeide_1.10.1/stm32cubeide/plugins/com.st.stm32cube.ide.mcu.externaltools.gnu-tools-for-stm32.10.3-2021.10.win32_1.0.0.202111181127/tools/bin/../lib/gcc/arm-none-eabi/10.3.1/thumb/v6-m/nofp/crtbegin.o
 *(.init)
 .init          0x0000000008009a1c        0x4 c:/st/stm32cubeide_1.10.1/stm32cubeide/plugins/com.st.stm32cube.ide.mcu.externaltools.gnu-tools-for-stm32.10.3-2021.10.win32_1.0.0.202111181127/tools/bin/../lib/gcc/arm-none-eabi/10.3.1/thumb/v6-m/nofp/crti.o
                0x0000000008009a1c                _init
 .init          0x0000000008009a20        0x8 c:/st/stm32cubeide_1.10.1/stm32cubeide/plugins/com.st.stm32cube.ide.mcu.externaltools.gnu-tools-for-stm32.10.3-2021.10.win32_1.0.0.202111181127/tools/bin/../lib/gcc/arm-none-eabi/10.3.1/thumb/v6-m/nofp/crtn.o
 *(.fini)
 .fini          0x0000000008009a28        0x4 c:/st/stm32cubeide_1.10.1/stm32cubeide/plugins/com.st.stm32cube.ide.mcu.externaltools.gnu-tools-for-stm32.10.3-2021.10.win32_1.0.0.202111181127/tools/bin/../lib/gcc/arm-none-eabi/10.3.1/thumb/v6-m/nofp/crti.o
                0x0000000008009a28                _fini
 .fini          0x0000000008009a2c        0x8 c:/st/stm32cubeide_1.10.1/stm32cubeide/plugins/com.st.stm32cube.ide.mcu.externaltools.gnu-tools-for-stm32.10.3-2021.10.win32_1.0.0.202111181127/tools/bin/../lib/gcc/arm-none-eabi/10.3.1/thumb/v6-m/nofp/crtn.o
                0x0000000008009a34                . = ALIGN (0x4)
                0x0000000008009a34                _etext = .

.vfp11_veneer   0x0000000008009a34        0x0
 .vfp11_veneer  0x0000000008009a34        0x0 linker stubs

.v4_bx          0x0000000008009a34        0x0
 .v4_bx         0x0000000008009a34        0x0 linker stubs

.iplt           0x0000000008009a34        0x0
 .iplt          0x0000000008009a34        0x0 c:/st/stm32cubeide_1.10.1/stm32cubeide/plugins/com.st.stm32cube.ide.mcu.externaltools.gnu-tools-for-stm32.10.3-2021.10.win32_1.0.0.202111181127/tools/bin/../lib/gcc/arm-none-eabi/10.3.1/thumb/v6-m/nofp/crtbegin.o

.rodata         0x0000000008009a34       0xe0
                0x0000000008009a34                . = ALIGN (0x4)
 *(.rodata)
 .rodata        0x0000000008009a34       0x20 ./Drivers/STM32F0xx_HAL_Driver/Src/stm32f0xx_hal_rcc.o
 .rodata        0x0000000008009a54       0x46 ./USB_DEVICE/App/usbd_desc.o
 *(.rodata*)
 *fill*         0x0000000008009a9a        0x2 
 .rodata.AHBPrescTable
                0x0000000008009a9c       0x10 ./Core/Src/system_stm32f0xx.o
                0x0000000008009a9c                AHBPrescTable
 .rodata.APBPrescTable
                0x0000000008009aac        0x8 ./Core/Src/system_stm32f0xx.o
                0x0000000008009aac                APBPrescTable
 .rodata.USBD_StdDevReq
                0x0000000008009ab4       0x28 ./Middlewares/ST/STM32_USB_Device_Library/Core/Src/usbd_ctlreq.o
 .rodata.USBD_GetDescriptor
                0x0000000008009adc       0x38 ./Middlewares/ST/STM32_USB_Device_Library/Core/Src/usbd_ctlreq.o
                0x0000000008009b14                . = ALIGN (0x4)

.rel.dyn        0x0000000008009b14        0x0
 .rel.iplt      0x0000000008009b14        0x0 c:/st/stm32cubeide_1.10.1/stm32cubeide/plugins/com.st.stm32cube.ide.mcu.externaltools.gnu-tools-for-stm32.10.3-2021.10.win32_1.0.0.202111181127/tools/bin/../lib/gcc/arm-none-eabi/10.3.1/thumb/v6-m/nofp/crtbegin.o

.ARM.extab      0x0000000008009b14        0x0
                0x0000000008009b14                . = ALIGN (0x4)
 *(.ARM.extab* .gnu.linkonce.armextab.*)
                0x0000000008009b14                . = ALIGN (0x4)

.ARM            0x0000000008009b14        0x0
                0x0000000008009b14                . = ALIGN (0x4)
                0x0000000008009b14                __exidx_start = .
 *(.ARM.exidx*)
                0x0000000008009b14                __exidx_end = .
                0x0000000008009b14                . = ALIGN (0x4)

.preinit_array  0x0000000008009b14        0x0
                0x0000000008009b14                . = ALIGN (0x4)
                0x0000000008009b14                PROVIDE (__preinit_array_start = .)
 *(.preinit_array*)
                0x0000000008009b14                PROVIDE (__preinit_array_end = .)
                0x0000000008009b14                . = ALIGN (0x4)

.init_array     0x0000000008009b14        0x4
                0x0000000008009b14                . = ALIGN (0x4)
                0x0000000008009b14                PROVIDE (__init_array_start = .)
 *(SORT_BY_NAME(.init_array.*))
 *(.init_array*)
 .init_array    0x0000000008009b14        0x4 c:/st/stm32cubeide_1.10.1/stm32cubeide/plugins/com.st.stm32cube.ide.mcu.externaltools.gnu-tools-for-stm32.10.3-2021.10.win32_1.0.0.202111181127/tools/bin/../lib/gcc/arm-none-eabi/10.3.1/thumb/v6-m/nofp/crtbegin.o
                0x0000000008009b18                PROVIDE (__init_array_end = .)
                0x0000000008009b18                . = ALIGN (0x4)

.fini_array     0x0000000008009b18        0x4
                0x0000000008009b18                . = ALIGN (0x4)
                [!provide]                        PROVIDE (__fini_array_start = .)
 *(SORT_BY_NAME(.fini_array.*))
 *(.fini_array*)
 .fini_array    0x0000000008009b18        0x4 c:/st/stm32cubeide_1.10.1/stm32cubeide/plugins/com.st.stm32cube.ide.mcu.externaltools.gnu-tools-for-stm32.10.3-2021.10.win32_1.0.0.202111181127/tools/bin/../lib/gcc/arm-none-eabi/10.3.1/thumb/v6-m/nofp/crtbegin.o
                [!provide]                        PROVIDE (__fini_array_end = .)
                0x0000000008009b1c                . = ALIGN (0x4)
                0x0000000008009b1c                _sidata = LOADADDR (.data)

.data           0x0000000020000000      0x164 load address 0x0000000008009b1c
                0x0000000020000000                . = ALIGN (0x4)
                0x0000000020000000                _sdata = .
 *(.data)
 *(.data*)
 .data.SystemCoreClock
                0x0000000020000000        0x4 ./Core/Src/system_stm32f0xx.o
                0x0000000020000000                SystemCoreClock
 .data.uwTickPrio
                0x0000000020000004        0x4 ./Drivers/STM32F0xx_HAL_Driver/Src/stm32f0xx_hal.o
                0x0000000020000004                uwTickPrio
 .data.uwTickFreq
                0x0000000020000008        0x1 ./Drivers/STM32F0xx_HAL_Driver/Src/stm32f0xx_hal.o
                0x0000000020000008                uwTickFreq
 *fill*         0x0000000020000009        0x3 
 .data.USBD_HID
                0x000000002000000c       0x38 ./Middlewares/ST/STM32_USB_Device_Library/Class/HID/Src/usbd_hid.o
                0x000000002000000c                USBD_HID
 .data.USBD_HID_CfgFSDesc
                0x0000000020000044       0x22 ./Middlewares/ST/STM32_USB_Device_Library/Class/HID/Src/usbd_hid.o
 *fill*         0x0000000020000066        0x2 
 .data.USBD_HID_CfgHSDesc
                0x0000000020000068       0x22 ./Middlewares/ST/STM32_USB_Device_Library/Class/HID/Src/usbd_hid.o
 *fill*         0x000000002000008a        0x2 
 .data.USBD_HID_OtherSpeedCfgDesc
                0x000000002000008c       0x22 ./Middlewares/ST/STM32_USB_Device_Library/Class/HID/Src/usbd_hid.o
 *fill*         0x00000000200000ae        0x2 
 .data.USBD_HID_Desc
                0x00000000200000b0        0x9 ./Middlewares/ST/STM32_USB_Device_Library/Class/HID/Src/usbd_hid.o
 *fill*         0x00000000200000b9        0x3 
 .data.USBD_HID_DeviceQualifierDesc
                0x00000000200000bc        0xa ./Middlewares/ST/STM32_USB_Device_Library/Class/HID/Src/usbd_hid.o
 *fill*         0x00000000200000c6        0x2 
 .data.HID_MOUSE_ReportDesc
                0x00000000200000c8       0x4a ./Middlewares/ST/STM32_USB_Device_Library/Class/HID/Src/usbd_hid.o
 *fill*         0x0000000020000112        0x2 
 .data.FS_Desc  0x0000000020000114       0x1c ./USB_DEVICE/App/usbd_desc.o
                0x0000000020000114                FS_Desc
 .data.USBD_FS_DeviceDesc
                0x0000000020000130       0x12 ./USB_DEVICE/App/usbd_desc.o
                0x0000000020000130                USBD_FS_DeviceDesc
 *fill*         0x0000000020000142        0x2 
 .data.USBD_LangIDDesc
                0x0000000020000144        0x4 ./USB_DEVICE/App/usbd_desc.o
                0x0000000020000144                USBD_LangIDDesc
 .data.USBD_StringSerial
                0x0000000020000148       0x1a ./USB_DEVICE/App/usbd_desc.o
                0x0000000020000148                USBD_StringSerial
 *(.RamFunc)
 *(.RamFunc*)
                0x0000000020000164                . = ALIGN (0x4)
 *fill*         0x0000000020000162        0x2 
                0x0000000020000164                _edata = .

.igot.plt       0x0000000020000164        0x0 load address 0x0000000008009c80
 .igot.plt      0x0000000020000164        0x0 c:/st/stm32cubeide_1.10.1/stm32cubeide/plugins/com.st.stm32cube.ide.mcu.externaltools.gnu-tools-for-stm32.10.3-2021.10.win32_1.0.0.202111181127/tools/bin/../lib/gcc/arm-none-eabi/10.3.1/thumb/v6-m/nofp/crtbegin.o
                0x0000000020000164                . = ALIGN (0x4)

.bss            0x0000000020000164      0xadc load address 0x0000000008009c80
                0x0000000020000164                _sbss = .
                0x0000000020000164                __bss_start__ = _sbss
 *(.bss)
 .bss           0x0000000020000164       0x1c c:/st/stm32cubeide_1.10.1/stm32cubeide/plugins/com.st.stm32cube.ide.mcu.externaltools.gnu-tools-for-stm32.10.3-2021.10.win32_1.0.0.202111181127/tools/bin/../lib/gcc/arm-none-eabi/10.3.1/thumb/v6-m/nofp/crtbegin.o
 *(.bss*)
 .bss.hi2c1     0x0000000020000180       0x4c ./Core/Src/main.o
                0x0000000020000180                hi2c1
 .bss.htim3     0x00000000200001cc       0x48 ./Core/Src/main.o
                0x00000000200001cc                htim3
 .bss.htim6     0x0000000020000214       0x48 ./Core/Src/main.o
                0x0000000020000214                htim6
 .bss.huart1    0x000000002000025c       0x84 ./Core/Src/main.o
                0x000000002000025c                huart1
 .bss.huart2    0x00000000200002e0       0x84 ./Core/Src/main.o
                0x00000000200002e0                huart2
 .bss.huart3    0x0000000020000364       0x84 ./Core/Src/main.o
                0x0000000020000364                huart3
 .bss.huart4    0x00000000200003e8       0x84 ./Core/Src/main.o
                0x00000000200003e8                huart4
 .bss.uwTick    0x000000002000046c        0x4 ./Drivers/STM32F0xx_HAL_Driver/Src/stm32f0xx_hal.o
                0x000000002000046c                uwTick
 .bss.cfgidx.0  0x0000000020000470        0x1 ./Middlewares/ST/STM32_USB_Device_Library/Core/Src/usbd_ctlreq.o
 *fill*         0x0000000020000471        0x3 
 .bss.hUsbDeviceFS
                0x0000000020000474      0x2c4 ./USB_DEVICE/App/usb_device.o
                0x0000000020000474                hUsbDeviceFS
 .bss.USBD_StrDesc
                0x0000000020000738      0x200 ./USB_DEVICE/App/usbd_desc.o
                0x0000000020000738                USBD_StrDesc
 .bss.hpcd_USB_FS
                0x0000000020000938      0x2f4 ./USB_DEVICE/Target/usbd_conf.o
                0x0000000020000938                hpcd_USB_FS
 .bss.mem.0     0x0000000020000c2c       0x14 ./USB_DEVICE/Target/usbd_conf.o
 *(COMMON)
                0x0000000020000c40                . = ALIGN (0x4)
                0x0000000020000c40                _ebss = .
                0x0000000020000c40                __bss_end__ = _ebss

._user_heap_stack
                0x0000000020000c40      0x600 load address 0x0000000008009c80
                0x0000000020000c40                . = ALIGN (0x8)
                [!provide]                        PROVIDE (end = .)
                0x0000000020000c40                PROVIDE (_end = .)
                0x0000000020000e40                . = (. + _Min_Heap_Size)
 *fill*         0x0000000020000c40      0x200 
                0x0000000020001240                . = (. + _Min_Stack_Size)
 *fill*         0x0000000020000e40      0x400 
                0x0000000020001240                . = ALIGN (0x8)

/DISCARD/
 libc.a(*)
 libm.a(*)
 libgcc.a(*)

.ARM.attributes
                0x0000000000000000       0x28
 *(.ARM.attributes)
 .ARM.attributes
                0x0000000000000000       0x1e c:/st/stm32cubeide_1.10.1/stm32cubeide/plugins/com.st.stm32cube.ide.mcu.externaltools.gnu-tools-for-stm32.10.3-2021.10.win32_1.0.0.202111181127/tools/bin/../lib/gcc/arm-none-eabi/10.3.1/thumb/v6-m/nofp/crti.o
 .ARM.attributes
                0x000000000000001e       0x2c c:/st/stm32cubeide_1.10.1/stm32cubeide/plugins/com.st.stm32cube.ide.mcu.externaltools.gnu-tools-for-stm32.10.3-2021.10.win32_1.0.0.202111181127/tools/bin/../lib/gcc/arm-none-eabi/10.3.1/thumb/v6-m/nofp/crtbegin.o
 .ARM.attributes
                0x000000000000004a       0x2c ./Core/Src/main.o
 .ARM.attributes
                0x0000000000000076       0x2c ./Core/Src/stm32f0xx_hal_msp.o
 .ARM.attributes
                0x00000000000000a2       0x2c ./Core/Src/stm32f0xx_it.o
 .ARM.attributes
                0x00000000000000ce       0x2c ./Core/Src/system_stm32f0xx.o
 .ARM.attributes
                0x00000000000000fa       0x21 ./Core/Startup/startup_stm32f070cbtx.o
 .ARM.attributes
                0x000000000000011b       0x2c ./Drivers/STM32F0xx_HAL_Driver/Src/stm32f0xx_hal.o
 .ARM.attributes
                0x0000000000000147       0x2c ./Drivers/STM32F0xx_HAL_Driver/Src/stm32f0xx_hal_cortex.o
 .ARM.attributes
                0x0000000000000173       0x2c ./Drivers/STM32F0xx_HAL_Driver/Src/stm32f0xx_hal_dma.o
 .ARM.attributes
                0x000000000000019f       0x2c ./Drivers/STM32F0xx_HAL_Driver/Src/stm32f0xx_hal_gpio.o
 .ARM.attributes
                0x00000000000001cb       0x2c ./Drivers/STM32F0xx_HAL_Driver/Src/stm32f0xx_hal_i2c.o
 .ARM.attributes
                0x00000000000001f7       0x2c ./Drivers/STM32F0xx_HAL_Driver/Src/stm32f0xx_hal_i2c_ex.o
 .ARM.attributes
                0x0000000000000223       0x2c ./Drivers/STM32F0xx_HAL_Driver/Src/stm32f0xx_hal_pcd.o
 .ARM.attributes
                0x000000000000024f       0x2c ./Drivers/STM32F0xx_HAL_Driver/Src/stm32f0xx_hal_pcd_ex.o
 .ARM.attributes
                0x000000000000027b       0x2c ./Drivers/STM32F0xx_HAL_Driver/Src/stm32f0xx_hal_rcc.o
 .ARM.attributes
                0x00000000000002a7       0x2c ./Drivers/STM32F0xx_HAL_Driver/Src/stm32f0xx_hal_rcc_ex.o
 .ARM.attributes
                0x00000000000002d3       0x2c ./Drivers/STM32F0xx_HAL_Driver/Src/stm32f0xx_hal_tim.o
 .ARM.attributes
                0x00000000000002ff       0x2c ./Drivers/STM32F0xx_HAL_Driver/Src/stm32f0xx_hal_tim_ex.o
 .ARM.attributes
                0x000000000000032b       0x2c ./Drivers/STM32F0xx_HAL_Driver/Src/stm32f0xx_hal_uart.o
 .ARM.attributes
                0x0000000000000357       0x2c ./Drivers/STM32F0xx_HAL_Driver/Src/stm32f0xx_ll_usb.o
 .ARM.attributes
                0x0000000000000383       0x2c ./Middlewares/ST/STM32_USB_Device_Library/Class/HID/Src/usbd_hid.o
 .ARM.attributes
                0x00000000000003af       0x2c ./Middlewares/ST/STM32_USB_Device_Library/Core/Src/usbd_core.o
 .ARM.attributes
                0x00000000000003db       0x2c ./Middlewares/ST/STM32_USB_Device_Library/Core/Src/usbd_ctlreq.o
 .ARM.attributes
                0x0000000000000407       0x2c ./Middlewares/ST/STM32_USB_Device_Library/Core/Src/usbd_ioreq.o
 .ARM.attributes
                0x0000000000000433       0x2c ./USB_DEVICE/App/usb_device.o
 .ARM.attributes
                0x000000000000045f       0x2c ./USB_DEVICE/App/usbd_desc.o
 .ARM.attributes
                0x000000000000048b       0x2c ./USB_DEVICE/Target/usbd_conf.o
 .ARM.attributes
                0x00000000000004b7       0x2c c:/st/stm32cubeide_1.10.1/stm32cubeide/plugins/com.st.stm32cube.ide.mcu.externaltools.gnu-tools-for-stm32.10.3-2021.10.win32_1.0.0.202111181127/tools/bin/../lib/gcc/arm-none-eabi/10.3.1/../../../../arm-none-eabi/lib/thumb/v6-m/nofp\libc_nano.a(lib_a-init.o)
 .ARM.attributes
                0x00000000000004e3       0x2c c:/st/stm32cubeide_1.10.1/stm32cubeide/plugins/com.st.stm32cube.ide.mcu.externaltools.gnu-tools-for-stm32.10.3-2021.10.win32_1.0.0.202111181127/tools/bin/../lib/gcc/arm-none-eabi/10.3.1/../../../../arm-none-eabi/lib/thumb/v6-m/nofp\libc_nano.a(lib_a-memset.o)
 .ARM.attributes
                0x000000000000050f       0x1e c:/st/stm32cubeide_1.10.1/stm32cubeide/plugins/com.st.stm32cube.ide.mcu.externaltools.gnu-tools-for-stm32.10.3-2021.10.win32_1.0.0.202111181127/tools/bin/../lib/gcc/arm-none-eabi/10.3.1/thumb/v6-m/nofp\libgcc.a(_udivsi3.o)
 .ARM.attributes
                0x000000000000052d       0x1e c:/st/stm32cubeide_1.10.1/stm32cubeide/plugins/com.st.stm32cube.ide.mcu.externaltools.gnu-tools-for-stm32.10.3-2021.10.win32_1.0.0.202111181127/tools/bin/../lib/gcc/arm-none-eabi/10.3.1/thumb/v6-m/nofp\libgcc.a(_dvmd_tls.o)
 .ARM.attributes
                0x000000000000054b       0x1e c:/st/stm32cubeide_1.10.1/stm32cubeide/plugins/com.st.stm32cube.ide.mcu.externaltools.gnu-tools-for-stm32.10.3-2021.10.win32_1.0.0.202111181127/tools/bin/../lib/gcc/arm-none-eabi/10.3.1/thumb/v6-m/nofp/crtn.o
OUTPUT(stmcube.elf elf32-littlearm)
LOAD linker stubs
LOAD c:/st/stm32cubeide_1.10.1/stm32cubeide/plugins/com.st.stm32cube.ide.mcu.externaltools.gnu-tools-for-stm32.10.3-2021.10.win32_1.0.0.202111181127/tools/bin/../lib/gcc/arm-none-eabi/10.3.1/../../../../arm-none-eabi/lib/thumb/v6-m/nofp\libc.a
LOAD c:/st/stm32cubeide_1.10.1/stm32cubeide/plugins/com.st.stm32cube.ide.mcu.externaltools.gnu-tools-for-stm32.10.3-2021.10.win32_1.0.0.202111181127/tools/bin/../lib/gcc/arm-none-eabi/10.3.1/../../../../arm-none-eabi/lib/thumb/v6-m/nofp\libm.a
LOAD c:/st/stm32cubeide_1.10.1/stm32cubeide/plugins/com.st.stm32cube.ide.mcu.externaltools.gnu-tools-for-stm32.10.3-2021.10.win32_1.0.0.202111181127/tools/bin/../lib/gcc/arm-none-eabi/10.3.1/thumb/v6-m/nofp\libgcc.a

.debug_info     0x0000000000000000    0x184ce
 .debug_info    0x0000000000000000     0x1502 ./Core/Src/main.o
 .debug_info    0x0000000000001502     0x12db ./Core/Src/stm32f0xx_hal_msp.o
 .debug_info    0x00000000000027dd      0xf8f ./Core/Src/stm32f0xx_it.o
 .debug_info    0x000000000000376c      0x269 ./Core/Src/system_stm32f0xx.o
 .debug_info    0x00000000000039d5       0x22 ./Core/Startup/startup_stm32f070cbtx.o
 .debug_info    0x00000000000039f7      0x6cd ./Drivers/STM32F0xx_HAL_Driver/Src/stm32f0xx_hal.o
 .debug_info    0x00000000000040c4      0x70b ./Drivers/STM32F0xx_HAL_Driver/Src/stm32f0xx_hal_cortex.o
 .debug_info    0x00000000000047cf      0x752 ./Drivers/STM32F0xx_HAL_Driver/Src/stm32f0xx_hal_dma.o
 .debug_info    0x0000000000004f21      0x614 ./Drivers/STM32F0xx_HAL_Driver/Src/stm32f0xx_hal_gpio.o
 .debug_info    0x0000000000005535     0x2149 ./Drivers/STM32F0xx_HAL_Driver/Src/stm32f0xx_hal_i2c.o
 .debug_info    0x000000000000767e      0x846 ./Drivers/STM32F0xx_HAL_Driver/Src/stm32f0xx_hal_i2c_ex.o
 .debug_info    0x0000000000007ec4     0x169e ./Drivers/STM32F0xx_HAL_Driver/Src/stm32f0xx_hal_pcd.o
 .debug_info    0x0000000000009562      0x88f ./Drivers/STM32F0xx_HAL_Driver/Src/stm32f0xx_hal_pcd_ex.o
 .debug_info    0x0000000000009df1      0x888 ./Drivers/STM32F0xx_HAL_Driver/Src/stm32f0xx_hal_rcc.o
 .debug_info    0x000000000000a679      0x3b9 ./Drivers/STM32F0xx_HAL_Driver/Src/stm32f0xx_hal_rcc_ex.o
 .debug_info    0x000000000000aa32     0x2b69 ./Drivers/STM32F0xx_HAL_Driver/Src/stm32f0xx_hal_tim.o
 .debug_info    0x000000000000d59b     0x158e ./Drivers/STM32F0xx_HAL_Driver/Src/stm32f0xx_hal_tim_ex.o
 .debug_info    0x000000000000eb29     0x3b92 ./Drivers/STM32F0xx_HAL_Driver/Src/stm32f0xx_hal_uart.o
 .debug_info    0x00000000000126bb     0x1676 ./Drivers/STM32F0xx_HAL_Driver/Src/stm32f0xx_ll_usb.o
 .debug_info    0x0000000000013d31      0x995 ./Middlewares/ST/STM32_USB_Device_Library/Class/HID/Src/usbd_hid.o
 .debug_info    0x00000000000146c6      0xb02 ./Middlewares/ST/STM32_USB_Device_Library/Core/Src/usbd_core.o
 .debug_info    0x00000000000151c8      0x9b6 ./Middlewares/ST/STM32_USB_Device_Library/Core/Src/usbd_ctlreq.o
 .debug_info    0x0000000000015b7e      0x715 ./Middlewares/ST/STM32_USB_Device_Library/Core/Src/usbd_ioreq.o
 .debug_info    0x0000000000016293      0x59c ./USB_DEVICE/App/usb_device.o
 .debug_info    0x000000000001682f      0x484 ./USB_DEVICE/App/usbd_desc.o
 .debug_info    0x0000000000016cb3     0x181b ./USB_DEVICE/Target/usbd_conf.o

.debug_abbrev   0x0000000000000000     0x35be
 .debug_abbrev  0x0000000000000000      0x2d4 ./Core/Src/main.o
 .debug_abbrev  0x00000000000002d4      0x20e ./Core/Src/stm32f0xx_hal_msp.o
 .debug_abbrev  0x00000000000004e2      0x1b5 ./Core/Src/stm32f0xx_it.o
 .debug_abbrev  0x0000000000000697      0x116 ./Core/Src/system_stm32f0xx.o
 .debug_abbrev  0x00000000000007ad       0x12 ./Core/Startup/startup_stm32f070cbtx.o
 .debug_abbrev  0x00000000000007bf      0x23f ./Drivers/STM32F0xx_HAL_Driver/Src/stm32f0xx_hal.o
 .debug_abbrev  0x00000000000009fe      0x283 ./Drivers/STM32F0xx_HAL_Driver/Src/stm32f0xx_hal_cortex.o
 .debug_abbrev  0x0000000000000c81      0x1e9 ./Drivers/STM32F0xx_HAL_Driver/Src/stm32f0xx_hal_dma.o
 .debug_abbrev  0x0000000000000e6a      0x1bb ./Drivers/STM32F0xx_HAL_Driver/Src/stm32f0xx_hal_gpio.o
 .debug_abbrev  0x0000000000001025      0x254 ./Drivers/STM32F0xx_HAL_Driver/Src/stm32f0xx_hal_i2c.o
 .debug_abbrev  0x0000000000001279      0x1c1 ./Drivers/STM32F0xx_HAL_Driver/Src/stm32f0xx_hal_i2c_ex.o
 .debug_abbrev  0x000000000000143a      0x2a4 ./Drivers/STM32F0xx_HAL_Driver/Src/stm32f0xx_hal_pcd.o
 .debug_abbrev  0x00000000000016de      0x21d ./Drivers/STM32F0xx_HAL_Driver/Src/stm32f0xx_hal_pcd_ex.o
 .debug_abbrev  0x00000000000018fb      0x283 ./Drivers/STM32F0xx_HAL_Driver/Src/stm32f0xx_hal_rcc.o
 .debug_abbrev  0x0000000000001b7e      0x169 ./Drivers/STM32F0xx_HAL_Driver/Src/stm32f0xx_hal_rcc_ex.o
 .debug_abbrev  0x0000000000001ce7      0x26e ./Drivers/STM32F0xx_HAL_Driver/Src/stm32f0xx_hal_tim.o
 .debug_abbrev  0x0000000000001f55      0x276 ./Drivers/STM32F0xx_HAL_Driver/Src/stm32f0xx_hal_tim_ex.o
 .debug_abbrev  0x00000000000021cb      0x2b6 ./Drivers/STM32F0xx_HAL_Driver/Src/stm32f0xx_hal_uart.o
 .debug_abbrev  0x0000000000002481      0x22f ./Drivers/STM32F0xx_HAL_Driver/Src/stm32f0xx_ll_usb.o
 .debug_abbrev  0x00000000000026b0      0x258 ./Middlewares/ST/STM32_USB_Device_Library/Class/HID/Src/usbd_hid.o
 .debug_abbrev  0x0000000000002908      0x236 ./Middlewares/ST/STM32_USB_Device_Library/Core/Src/usbd_core.o
 .debug_abbrev  0x0000000000002b3e      0x257 ./Middlewares/ST/STM32_USB_Device_Library/Core/Src/usbd_ctlreq.o
 .debug_abbrev  0x0000000000002d95      0x183 ./Middlewares/ST/STM32_USB_Device_Library/Core/Src/usbd_ioreq.o
 .debug_abbrev  0x0000000000002f18      0x17a ./USB_DEVICE/App/usb_device.o
 .debug_abbrev  0x0000000000003092      0x1fa ./USB_DEVICE/App/usbd_desc.o
 .debug_abbrev  0x000000000000328c      0x332 ./USB_DEVICE/Target/usbd_conf.o

.debug_aranges  0x0000000000000000     0x1480
 .debug_aranges
                0x0000000000000000       0x70 ./Core/Src/main.o
 .debug_aranges
                0x0000000000000070       0x58 ./Core/Src/stm32f0xx_hal_msp.o
 .debug_aranges
                0x00000000000000c8       0x68 ./Core/Src/stm32f0xx_it.o
 .debug_aranges
                0x0000000000000130       0x28 ./Core/Src/system_stm32f0xx.o
 .debug_aranges
                0x0000000000000158       0x28 ./Core/Startup/startup_stm32f070cbtx.o
 .debug_aranges
                0x0000000000000180       0xd0 ./Drivers/STM32F0xx_HAL_Driver/Src/stm32f0xx_hal.o
 .debug_aranges
                0x0000000000000250       0xc0 ./Drivers/STM32F0xx_HAL_Driver/Src/stm32f0xx_hal_cortex.o
 .debug_aranges
                0x0000000000000310       0x88 ./Drivers/STM32F0xx_HAL_Driver/Src/stm32f0xx_hal_dma.o
 .debug_aranges
                0x0000000000000398       0x58 ./Drivers/STM32F0xx_HAL_Driver/Src/stm32f0xx_hal_gpio.o
 .debug_aranges
                0x00000000000003f0      0x290 ./Drivers/STM32F0xx_HAL_Driver/Src/stm32f0xx_hal_i2c.o
 .debug_aranges
                0x0000000000000680       0x38 ./Drivers/STM32F0xx_HAL_Driver/Src/stm32f0xx_hal_i2c_ex.o
 .debug_aranges
                0x00000000000006b8      0x130 ./Drivers/STM32F0xx_HAL_Driver/Src/stm32f0xx_hal_pcd.o
 .debug_aranges
                0x00000000000007e8       0x58 ./Drivers/STM32F0xx_HAL_Driver/Src/stm32f0xx_hal_pcd_ex.o
 .debug_aranges
                0x0000000000000840       0x80 ./Drivers/STM32F0xx_HAL_Driver/Src/stm32f0xx_hal_rcc.o
 .debug_aranges
                0x00000000000008c0       0x30 ./Drivers/STM32F0xx_HAL_Driver/Src/stm32f0xx_hal_rcc_ex.o
 .debug_aranges
                0x00000000000008f0      0x3d0 ./Drivers/STM32F0xx_HAL_Driver/Src/stm32f0xx_hal_tim.o
 .debug_aranges
                0x0000000000000cc0      0x168 ./Drivers/STM32F0xx_HAL_Driver/Src/stm32f0xx_hal_tim_ex.o
 .debug_aranges
                0x0000000000000e28      0x218 ./Drivers/STM32F0xx_HAL_Driver/Src/stm32f0xx_hal_uart.o
 .debug_aranges
                0x0000000000001040       0xb0 ./Drivers/STM32F0xx_HAL_Driver/Src/stm32f0xx_ll_usb.o
 .debug_aranges
                0x00000000000010f0       0x68 ./Middlewares/ST/STM32_USB_Device_Library/Class/HID/Src/usbd_hid.o
 .debug_aranges
                0x0000000000001158       0xb8 ./Middlewares/ST/STM32_USB_Device_Library/Core/Src/usbd_core.o
 .debug_aranges
                0x0000000000001210       0x88 ./Middlewares/ST/STM32_USB_Device_Library/Core/Src/usbd_ctlreq.o
 .debug_aranges
                0x0000000000001298       0x50 ./Middlewares/ST/STM32_USB_Device_Library/Core/Src/usbd_ioreq.o
 .debug_aranges
                0x00000000000012e8       0x20 ./USB_DEVICE/App/usb_device.o
 .debug_aranges
                0x0000000000001308       0x60 ./USB_DEVICE/App/usbd_desc.o
 .debug_aranges
                0x0000000000001368      0x118 ./USB_DEVICE/Target/usbd_conf.o

.debug_ranges   0x0000000000000000     0x1318
 .debug_ranges  0x0000000000000000       0x60 ./Core/Src/main.o
 .debug_ranges  0x0000000000000060       0x48 ./Core/Src/stm32f0xx_hal_msp.o
 .debug_ranges  0x00000000000000a8       0x58 ./Core/Src/stm32f0xx_it.o
 .debug_ranges  0x0000000000000100       0x18 ./Core/Src/system_stm32f0xx.o
 .debug_ranges  0x0000000000000118       0x20 ./Core/Startup/startup_stm32f070cbtx.o
 .debug_ranges  0x0000000000000138       0xc0 ./Drivers/STM32F0xx_HAL_Driver/Src/stm32f0xx_hal.o
 .debug_ranges  0x00000000000001f8       0xb0 ./Drivers/STM32F0xx_HAL_Driver/Src/stm32f0xx_hal_cortex.o
 .debug_ranges  0x00000000000002a8       0x78 ./Drivers/STM32F0xx_HAL_Driver/Src/stm32f0xx_hal_dma.o
 .debug_ranges  0x0000000000000320       0x48 ./Drivers/STM32F0xx_HAL_Driver/Src/stm32f0xx_hal_gpio.o
 .debug_ranges  0x0000000000000368      0x280 ./Drivers/STM32F0xx_HAL_Driver/Src/stm32f0xx_hal_i2c.o
 .debug_ranges  0x00000000000005e8       0x28 ./Drivers/STM32F0xx_HAL_Driver/Src/stm32f0xx_hal_i2c_ex.o
 .debug_ranges  0x0000000000000610      0x120 ./Drivers/STM32F0xx_HAL_Driver/Src/stm32f0xx_hal_pcd.o
 .debug_ranges  0x0000000000000730       0x48 ./Drivers/STM32F0xx_HAL_Driver/Src/stm32f0xx_hal_pcd_ex.o
 .debug_ranges  0x0000000000000778       0x70 ./Drivers/STM32F0xx_HAL_Driver/Src/stm32f0xx_hal_rcc.o
 .debug_ranges  0x00000000000007e8       0x20 ./Drivers/STM32F0xx_HAL_Driver/Src/stm32f0xx_hal_rcc_ex.o
 .debug_ranges  0x0000000000000808      0x3c0 ./Drivers/STM32F0xx_HAL_Driver/Src/stm32f0xx_hal_tim.o
 .debug_ranges  0x0000000000000bc8      0x158 ./Drivers/STM32F0xx_HAL_Driver/Src/stm32f0xx_hal_tim_ex.o
 .debug_ranges  0x0000000000000d20      0x238 ./Drivers/STM32F0xx_HAL_Driver/Src/stm32f0xx_hal_uart.o
 .debug_ranges  0x0000000000000f58       0xa0 ./Drivers/STM32F0xx_HAL_Driver/Src/stm32f0xx_ll_usb.o
 .debug_ranges  0x0000000000000ff8       0x58 ./Middlewares/ST/STM32_USB_Device_Library/Class/HID/Src/usbd_hid.o
 .debug_ranges  0x0000000000001050       0xa8 ./Middlewares/ST/STM32_USB_Device_Library/Core/Src/usbd_core.o
 .debug_ranges  0x00000000000010f8       0x78 ./Middlewares/ST/STM32_USB_Device_Library/Core/Src/usbd_ctlreq.o
 .debug_ranges  0x0000000000001170       0x40 ./Middlewares/ST/STM32_USB_Device_Library/Core/Src/usbd_ioreq.o
 .debug_ranges  0x00000000000011b0       0x10 ./USB_DEVICE/App/usb_device.o
 .debug_ranges  0x00000000000011c0       0x50 ./USB_DEVICE/App/usbd_desc.o
 .debug_ranges  0x0000000000001210      0x108 ./USB_DEVICE/Target/usbd_conf.o

.debug_macro    0x0000000000000000    0x14215
 .debug_macro   0x0000000000000000      0x3e0 ./Core/Src/main.o
 .debug_macro   0x00000000000003e0      0xa4e ./Core/Src/main.o
 .debug_macro   0x0000000000000e2e      0x139 ./Core/Src/main.o
 .debug_macro   0x0000000000000f67       0x2e ./Core/Src/main.o
 .debug_macro   0x0000000000000f95       0x22 ./Core/Src/main.o
 .debug_macro   0x0000000000000fb7       0x22 ./Core/Src/main.o
 .debug_macro   0x0000000000000fd9       0x8e ./Core/Src/main.o
 .debug_macro   0x0000000000001067       0x51 ./Core/Src/main.o
 .debug_macro   0x00000000000010b8      0x103 ./Core/Src/main.o
 .debug_macro   0x00000000000011bb       0x6a ./Core/Src/main.o
 .debug_macro   0x0000000000001225      0x1df ./Core/Src/main.o
 .debug_macro   0x0000000000001404       0x1c ./Core/Src/main.o
 .debug_macro   0x0000000000001420       0x22 ./Core/Src/main.o
 .debug_macro   0x0000000000001442       0xaf ./Core/Src/main.o
 .debug_macro   0x00000000000014f1      0x391 ./Core/Src/main.o
 .debug_macro   0x0000000000001882     0x7655 ./Core/Src/main.o
 .debug_macro   0x0000000000008ed7       0x66 ./Core/Src/main.o
 .debug_macro   0x0000000000008f3d     0x34a6 ./Core/Src/main.o
 .debug_macro   0x000000000000c3e3      0x174 ./Core/Src/main.o
 .debug_macro   0x000000000000c557       0x55 ./Core/Src/main.o
 .debug_macro   0x000000000000c5ac      0x924 ./Core/Src/main.o
 .debug_macro   0x000000000000ced0      0x289 ./Core/Src/main.o
 .debug_macro   0x000000000000d159      0x1af ./Core/Src/main.o
 .debug_macro   0x000000000000d308      0x130 ./Core/Src/main.o
 .debug_macro   0x000000000000d438      0x1a0 ./Core/Src/main.o
 .debug_macro   0x000000000000d5d8      0x1f4 ./Core/Src/main.o
 .debug_macro   0x000000000000d7cc       0x34 ./Core/Src/main.o
 .debug_macro   0x000000000000d800       0x43 ./Core/Src/main.o
 .debug_macro   0x000000000000d843       0x28 ./Core/Src/main.o
 .debug_macro   0x000000000000d86b       0xb0 ./Core/Src/main.o
 .debug_macro   0x000000000000d91b      0x217 ./Core/Src/main.o
 .debug_macro   0x000000000000db32      0x22c ./Core/Src/main.o
 .debug_macro   0x000000000000dd5e       0x61 ./Core/Src/main.o
 .debug_macro   0x000000000000ddbf       0xa5 ./Core/Src/main.o
 .debug_macro   0x000000000000de64       0x65 ./Core/Src/main.o
 .debug_macro   0x000000000000dec9      0x234 ./Core/Src/main.o
 .debug_macro   0x000000000000e0fd       0x4c ./Core/Src/main.o
 .debug_macro   0x000000000000e149       0x49 ./Core/Src/main.o
 .debug_macro   0x000000000000e192      0x8d8 ./Core/Src/main.o
 .debug_macro   0x000000000000ea6a       0x28 ./Core/Src/main.o
 .debug_macro   0x000000000000ea92      0x55f ./Core/Src/main.o
 .debug_macro   0x000000000000eff1       0x44 ./Core/Src/main.o
 .debug_macro   0x000000000000f035      0x11b ./Core/Src/main.o
 .debug_macro   0x000000000000f150       0x94 ./Core/Src/main.o
 .debug_macro   0x000000000000f1e4       0x52 ./Core/Src/main.o
 .debug_macro   0x000000000000f236       0x18 ./Core/Src/main.o
 .debug_macro   0x000000000000f24e       0x3c ./Core/Src/main.o
 .debug_macro   0x000000000000f28a       0x34 ./Core/Src/main.o
 .debug_macro   0x000000000000f2be       0x16 ./Core/Src/main.o
 .debug_macro   0x000000000000f2d4       0x35 ./Core/Src/main.o
 .debug_macro   0x000000000000f309      0x341 ./Core/Src/main.o
 .debug_macro   0x000000000000f64a       0x10 ./Core/Src/main.o
 .debug_macro   0x000000000000f65a       0x16 ./Core/Src/main.o
 .debug_macro   0x000000000000f670       0x43 ./Core/Src/main.o
 .debug_macro   0x000000000000f6b3       0x34 ./Core/Src/main.o
 .debug_macro   0x000000000000f6e7       0x10 ./Core/Src/main.o
 .debug_macro   0x000000000000f6f7       0x58 ./Core/Src/main.o
 .debug_macro   0x000000000000f74f       0x71 ./Core/Src/main.o
 .debug_macro   0x000000000000f7c0       0x1c ./Core/Src/main.o
 .debug_macro   0x000000000000f7dc      0x12a ./Core/Src/main.o
 .debug_macro   0x000000000000f906       0x10 ./Core/Src/main.o
 .debug_macro   0x000000000000f916       0x1c ./Core/Src/main.o
 .debug_macro   0x000000000000f932       0x52 ./Core/Src/main.o
 .debug_macro   0x000000000000f984       0x22 ./Core/Src/main.o
 .debug_macro   0x000000000000f9a6       0x10 ./Core/Src/main.o
 .debug_macro   0x000000000000f9b6       0x52 ./Core/Src/main.o
 .debug_macro   0x000000000000fa08       0xd5 ./Core/Src/main.o
 .debug_macro   0x000000000000fadd       0x1c ./Core/Src/main.o
 .debug_macro   0x000000000000faf9       0x3d ./Core/Src/main.o
 .debug_macro   0x000000000000fb36       0x16 ./Core/Src/main.o
 .debug_macro   0x000000000000fb4c      0x145 ./Core/Src/main.o
 .debug_macro   0x000000000000fc91       0x16 ./Core/Src/main.o
 .debug_macro   0x000000000000fca7       0x16 ./Core/Src/main.o
 .debug_macro   0x000000000000fcbd       0x29 ./Core/Src/main.o
 .debug_macro   0x000000000000fce6       0x16 ./Core/Src/main.o
 .debug_macro   0x000000000000fcfc       0x20 ./Core/Src/main.o
 .debug_macro   0x000000000000fd1c       0x5f ./Core/Src/main.o
 .debug_macro   0x000000000000fd7b      0x1c8 ./Core/Src/main.o
 .debug_macro   0x000000000000ff43      0x1f5 ./Core/Src/stm32f0xx_hal_msp.o
 .debug_macro   0x0000000000010138      0x1ff ./Core/Src/stm32f0xx_it.o
 .debug_macro   0x0000000000010337      0x1e6 ./Core/Src/system_stm32f0xx.o
 .debug_macro   0x000000000001051d      0x20a ./Drivers/STM32F0xx_HAL_Driver/Src/stm32f0xx_hal.o
 .debug_macro   0x0000000000010727      0x1e6 ./Drivers/STM32F0xx_HAL_Driver/Src/stm32f0xx_hal_cortex.o
 .debug_macro   0x000000000001090d      0x1e6 ./Drivers/STM32F0xx_HAL_Driver/Src/stm32f0xx_hal_dma.o
 .debug_macro   0x0000000000010af3      0x1ed ./Drivers/STM32F0xx_HAL_Driver/Src/stm32f0xx_hal_gpio.o
 .debug_macro   0x0000000000010ce0      0x2ab ./Drivers/STM32F0xx_HAL_Driver/Src/stm32f0xx_hal_i2c.o
 .debug_macro   0x0000000000010f8b      0x1e6 ./Drivers/STM32F0xx_HAL_Driver/Src/stm32f0xx_hal_i2c_ex.o
 .debug_macro   0x0000000000011171      0x1f2 ./Drivers/STM32F0xx_HAL_Driver/Src/stm32f0xx_hal_pcd.o
 .debug_macro   0x0000000000011363      0x1e6 ./Drivers/STM32F0xx_HAL_Driver/Src/stm32f0xx_hal_pcd_ex.o
 .debug_macro   0x0000000000011549      0x1f8 ./Drivers/STM32F0xx_HAL_Driver/Src/stm32f0xx_hal_rcc.o
 .debug_macro   0x0000000000011741      0x1e6 ./Drivers/STM32F0xx_HAL_Driver/Src/stm32f0xx_hal_rcc_ex.o
 .debug_macro   0x0000000000011927      0x1e7 ./Drivers/STM32F0xx_HAL_Driver/Src/stm32f0xx_hal_tim.o
 .debug_macro   0x0000000000011b0e      0x1e6 ./Drivers/STM32F0xx_HAL_Driver/Src/stm32f0xx_hal_tim_ex.o
 .debug_macro   0x0000000000011cf4      0x203 ./Drivers/STM32F0xx_HAL_Driver/Src/stm32f0xx_hal_uart.o
 .debug_macro   0x0000000000011ef7      0x1e6 ./Drivers/STM32F0xx_HAL_Driver/Src/stm32f0xx_ll_usb.o
 .debug_macro   0x00000000000120dd      0x40b ./Middlewares/ST/STM32_USB_Device_Library/Class/HID/Src/usbd_hid.o
 .debug_macro   0x00000000000124e8       0x97 ./Middlewares/ST/STM32_USB_Device_Library/Class/HID/Src/usbd_hid.o
 .debug_macro   0x000000000001257f       0xfd ./Middlewares/ST/STM32_USB_Device_Library/Class/HID/Src/usbd_hid.o
 .debug_macro   0x000000000001267c       0x4f ./Middlewares/ST/STM32_USB_Device_Library/Class/HID/Src/usbd_hid.o
 .debug_macro   0x00000000000126cb       0x5e ./Middlewares/ST/STM32_USB_Device_Library/Class/HID/Src/usbd_hid.o
 .debug_macro   0x0000000000012729      0x3f2 ./Middlewares/ST/STM32_USB_Device_Library/Core/Src/usbd_core.o
 .debug_macro   0x0000000000012b1b      0x1ce ./Middlewares/ST/STM32_USB_Device_Library/Core/Src/usbd_core.o
 .debug_macro   0x0000000000012ce9      0x3fc ./Middlewares/ST/STM32_USB_Device_Library/Core/Src/usbd_ctlreq.o
 .debug_macro   0x00000000000130e5      0x3f8 ./Middlewares/ST/STM32_USB_Device_Library/Core/Src/usbd_ioreq.o
 .debug_macro   0x00000000000134dd      0x422 ./USB_DEVICE/App/usb_device.o
 .debug_macro   0x00000000000138ff       0x9a ./USB_DEVICE/App/usb_device.o
 .debug_macro   0x0000000000013999       0x22 ./USB_DEVICE/App/usb_device.o
 .debug_macro   0x00000000000139bb      0x42f ./USB_DEVICE/App/usbd_desc.o
 .debug_macro   0x0000000000013dea       0x1c ./USB_DEVICE/App/usbd_desc.o
 .debug_macro   0x0000000000013e06      0x40f ./USB_DEVICE/Target/usbd_conf.o

.debug_line     0x0000000000000000    0x1a3d7
 .debug_line    0x0000000000000000      0xcb4 ./Core/Src/main.o
 .debug_line    0x0000000000000cb4      0x8fb ./Core/Src/stm32f0xx_hal_msp.o
 .debug_line    0x00000000000015af      0x7fc ./Core/Src/stm32f0xx_it.o
 .debug_line    0x0000000000001dab      0x793 ./Core/Src/system_stm32f0xx.o
 .debug_line    0x000000000000253e       0x89 ./Core/Startup/startup_stm32f070cbtx.o
 .debug_line    0x00000000000025c7      0x999 ./Drivers/STM32F0xx_HAL_Driver/Src/stm32f0xx_hal.o
 .debug_line    0x0000000000002f60      0xa45 ./Drivers/STM32F0xx_HAL_Driver/Src/stm32f0xx_hal_cortex.o
 .debug_line    0x00000000000039a5      0xcb5 ./Drivers/STM32F0xx_HAL_Driver/Src/stm32f0xx_hal_dma.o
 .debug_line    0x000000000000465a      0xb16 ./Drivers/STM32F0xx_HAL_Driver/Src/stm32f0xx_hal_gpio.o
 .debug_line    0x0000000000005170     0x32e9 ./Drivers/STM32F0xx_HAL_Driver/Src/stm32f0xx_hal_i2c.o
 .debug_line    0x0000000000008459      0x85a ./Drivers/STM32F0xx_HAL_Driver/Src/stm32f0xx_hal_i2c_ex.o
 .debug_line    0x0000000000008cb3     0x131c ./Drivers/STM32F0xx_HAL_Driver/Src/stm32f0xx_hal_pcd.o
 .debug_line    0x0000000000009fcf      0x893 ./Drivers/STM32F0xx_HAL_Driver/Src/stm32f0xx_hal_pcd_ex.o
 .debug_line    0x000000000000a862      0xd8a ./Drivers/STM32F0xx_HAL_Driver/Src/stm32f0xx_hal_rcc.o
 .debug_line    0x000000000000b5ec      0x962 ./Drivers/STM32F0xx_HAL_Driver/Src/stm32f0xx_hal_rcc_ex.o
 .debug_line    0x000000000000bf4e     0x367b ./Drivers/STM32F0xx_HAL_Driver/Src/stm32f0xx_hal_tim.o
 .debug_line    0x000000000000f5c9     0x1905 ./Drivers/STM32F0xx_HAL_Driver/Src/stm32f0xx_hal_tim_ex.o
 .debug_line    0x0000000000010ece     0x2c16 ./Drivers/STM32F0xx_HAL_Driver/Src/stm32f0xx_hal_uart.o
 .debug_line    0x0000000000013ae4      0xf4c ./Drivers/STM32F0xx_HAL_Driver/Src/stm32f0xx_ll_usb.o
 .debug_line    0x0000000000014a30      0xc60 ./Middlewares/ST/STM32_USB_Device_Library/Class/HID/Src/usbd_hid.o
 .debug_line    0x0000000000015690      0xe29 ./Middlewares/ST/STM32_USB_Device_Library/Core/Src/usbd_core.o
 .debug_line    0x00000000000164b9     0x1048 ./Middlewares/ST/STM32_USB_Device_Library/Core/Src/usbd_ctlreq.o
 .debug_line    0x0000000000017501      0xabf ./Middlewares/ST/STM32_USB_Device_Library/Core/Src/usbd_ioreq.o
 .debug_line    0x0000000000017fc0      0xa64 ./USB_DEVICE/App/usb_device.o
 .debug_line    0x0000000000018a24      0xb48 ./USB_DEVICE/App/usbd_desc.o
 .debug_line    0x000000000001956c      0xe6b ./USB_DEVICE/Target/usbd_conf.o

.debug_str      0x0000000000000000    0x6ead3
 .debug_str     0x0000000000000000    0x699df ./Core/Src/main.o
                                      0x69e35 (size before relaxing)
 .debug_str     0x00000000000699df      0x248 ./Core/Src/stm32f0xx_hal_msp.o
                                      0x65393 (size before relaxing)
 .debug_str     0x0000000000069c27      0x419 ./Core/Src/stm32f0xx_it.o
                                      0x651aa (size before relaxing)
 .debug_str     0x000000000006a040       0x8b ./Core/Src/system_stm32f0xx.o
                                      0x64529 (size before relaxing)
 .debug_str     0x000000000006a0cb       0x36 ./Core/Startup/startup_stm32f070cbtx.o
                                         0x53 (size before relaxing)
 .debug_str     0x000000000006a101      0x37a ./Drivers/STM32F0xx_HAL_Driver/Src/stm32f0xx_hal.o
                                      0x64adb (size before relaxing)
 .debug_str     0x000000000006a47b      0x179 ./Drivers/STM32F0xx_HAL_Driver/Src/stm32f0xx_hal_cortex.o
                                      0x648cc (size before relaxing)
 .debug_str     0x000000000006a5f4      0x248 ./Drivers/STM32F0xx_HAL_Driver/Src/stm32f0xx_hal_dma.o
                                      0x648cf (size before relaxing)
 .debug_str     0x000000000006a83c      0x113 ./Drivers/STM32F0xx_HAL_Driver/Src/stm32f0xx_hal_gpio.o
                                      0x646ca (size before relaxing)
 .debug_str     0x000000000006a94f      0xda4 ./Drivers/STM32F0xx_HAL_Driver/Src/stm32f0xx_hal_i2c.o
                                      0x657f0 (size before relaxing)
 .debug_str     0x000000000006b6f3       0x89 ./Drivers/STM32F0xx_HAL_Driver/Src/stm32f0xx_hal_i2c_ex.o
                                      0x64a6c (size before relaxing)
 .debug_str     0x000000000006b77c      0x528 ./Drivers/STM32F0xx_HAL_Driver/Src/stm32f0xx_hal_pcd.o
                                      0x64dc1 (size before relaxing)
 .debug_str     0x000000000006bca4      0x186 ./Drivers/STM32F0xx_HAL_Driver/Src/stm32f0xx_hal_pcd_ex.o
                                      0x64a3c (size before relaxing)
 .debug_str     0x000000000006be2a      0x20f ./Drivers/STM32F0xx_HAL_Driver/Src/stm32f0xx_hal_rcc.o
                                      0x64965 (size before relaxing)
 .debug_str     0x000000000006c039       0x97 ./Drivers/STM32F0xx_HAL_Driver/Src/stm32f0xx_hal_rcc_ex.o
                                      0x646a3 (size before relaxing)
 .debug_str     0x000000000006c0d0      0xd43 ./Drivers/STM32F0xx_HAL_Driver/Src/stm32f0xx_hal_tim.o
                                      0x6592f (size before relaxing)
 .debug_str     0x000000000006ce13      0x493 ./Drivers/STM32F0xx_HAL_Driver/Src/stm32f0xx_hal_tim_ex.o
                                      0x6514b (size before relaxing)
 .debug_str     0x000000000006d2a6      0x820 ./Drivers/STM32F0xx_HAL_Driver/Src/stm32f0xx_hal_uart.o
                                      0x6521a (size before relaxing)
 .debug_str     0x000000000006dac6       0xc7 ./Drivers/STM32F0xx_HAL_Driver/Src/stm32f0xx_ll_usb.o
                                      0x6490d (size before relaxing)
 .debug_str     0x000000000006db8d      0x77b ./Middlewares/ST/STM32_USB_Device_Library/Class/HID/Src/usbd_hid.o
                                      0x696cd (size before relaxing)
 .debug_str     0x000000000006e308      0x29f ./Middlewares/ST/STM32_USB_Device_Library/Core/Src/usbd_core.o
                                      0x69568 (size before relaxing)
 .debug_str     0x000000000006e5a7      0x11b ./Middlewares/ST/STM32_USB_Device_Library/Core/Src/usbd_ctlreq.o
                                      0x69482 (size before relaxing)
 .debug_str     0x000000000006e6c2       0x79 ./Middlewares/ST/STM32_USB_Device_Library/Core/Src/usbd_ioreq.o
                                      0x693af (size before relaxing)
 .debug_str     0x000000000006e73b       0xaf ./USB_DEVICE/App/usb_device.o
                                      0x69524 (size before relaxing)
 .debug_str     0x000000000006e7ea      0x258 ./USB_DEVICE/App/usbd_desc.o
                                      0x692eb (size before relaxing)
 .debug_str     0x000000000006ea42       0x91 ./USB_DEVICE/Target/usbd_conf.o
                                      0x69f50 (size before relaxing)

.comment        0x0000000000000000       0x50
 .comment       0x0000000000000000       0x50 ./Core/Src/main.o
                                         0x51 (size before relaxing)
 .comment       0x0000000000000050       0x51 ./Core/Src/stm32f0xx_hal_msp.o
 .comment       0x0000000000000050       0x51 ./Core/Src/stm32f0xx_it.o
 .comment       0x0000000000000050       0x51 ./Core/Src/system_stm32f0xx.o
 .comment       0x0000000000000050       0x51 ./Drivers/STM32F0xx_HAL_Driver/Src/stm32f0xx_hal.o
 .comment       0x0000000000000050       0x51 ./Drivers/STM32F0xx_HAL_Driver/Src/stm32f0xx_hal_cortex.o
 .comment       0x0000000000000050       0x51 ./Drivers/STM32F0xx_HAL_Driver/Src/stm32f0xx_hal_dma.o
 .comment       0x0000000000000050       0x51 ./Drivers/STM32F0xx_HAL_Driver/Src/stm32f0xx_hal_gpio.o
 .comment       0x0000000000000050       0x51 ./Drivers/STM32F0xx_HAL_Driver/Src/stm32f0xx_hal_i2c.o
 .comment       0x0000000000000050       0x51 ./Drivers/STM32F0xx_HAL_Driver/Src/stm32f0xx_hal_i2c_ex.o
 .comment       0x0000000000000050       0x51 ./Drivers/STM32F0xx_HAL_Driver/Src/stm32f0xx_hal_pcd.o
 .comment       0x0000000000000050       0x51 ./Drivers/STM32F0xx_HAL_Driver/Src/stm32f0xx_hal_pcd_ex.o
 .comment       0x0000000000000050       0x51 ./Drivers/STM32F0xx_HAL_Driver/Src/stm32f0xx_hal_rcc.o
 .comment       0x0000000000000050       0x51 ./Drivers/STM32F0xx_HAL_Driver/Src/stm32f0xx_hal_rcc_ex.o
 .comment       0x0000000000000050       0x51 ./Drivers/STM32F0xx_HAL_Driver/Src/stm32f0xx_hal_tim.o
 .comment       0x0000000000000050       0x51 ./Drivers/STM32F0xx_HAL_Driver/Src/stm32f0xx_hal_tim_ex.o
 .comment       0x0000000000000050       0x51 ./Drivers/STM32F0xx_HAL_Driver/Src/stm32f0xx_hal_uart.o
 .comment       0x0000000000000050       0x51 ./Drivers/STM32F0xx_HAL_Driver/Src/stm32f0xx_ll_usb.o
 .comment       0x0000000000000050       0x51 ./Middlewares/ST/STM32_USB_Device_Library/Class/HID/Src/usbd_hid.o
 .comment       0x0000000000000050       0x51 ./Middlewares/ST/STM32_USB_Device_Library/Core/Src/usbd_core.o
 .comment       0x0000000000000050       0x51 ./Middlewares/ST/STM32_USB_Device_Library/Core/Src/usbd_ctlreq.o
 .comment       0x0000000000000050       0x51 ./Middlewares/ST/STM32_USB_Device_Library/Core/Src/usbd_ioreq.o
 .comment       0x0000000000000050       0x51 ./USB_DEVICE/App/usb_device.o
 .comment       0x0000000000000050       0x51 ./USB_DEVICE/App/usbd_desc.o
 .comment       0x0000000000000050       0x51 ./USB_DEVICE/Target/usbd_conf.o

.debug_frame    0x0000000000000000     0x49cc
 .debug_frame   0x0000000000000000      0x150 ./Core/Src/main.o
 .debug_frame   0x0000000000000150      0x110 ./Core/Src/stm32f0xx_hal_msp.o
 .debug_frame   0x0000000000000260      0x128 ./Core/Src/stm32f0xx_it.o
 .debug_frame   0x0000000000000388       0x4c ./Core/Src/system_stm32f0xx.o
 .debug_frame   0x00000000000003d4      0x2a4 ./Drivers/STM32F0xx_HAL_Driver/Src/stm32f0xx_hal.o
 .debug_frame   0x0000000000000678      0x2a0 ./Drivers/STM32F0xx_HAL_Driver/Src/stm32f0xx_hal_cortex.o
 .debug_frame   0x0000000000000918      0x1d0 ./Drivers/STM32F0xx_HAL_Driver/Src/stm32f0xx_hal_dma.o
 .debug_frame   0x0000000000000ae8      0x110 ./Drivers/STM32F0xx_HAL_Driver/Src/stm32f0xx_hal_gpio.o
 .debug_frame   0x0000000000000bf8      0xa24 ./Drivers/STM32F0xx_HAL_Driver/Src/stm32f0xx_hal_i2c.o
 .debug_frame   0x000000000000161c       0x90 ./Drivers/STM32F0xx_HAL_Driver/Src/stm32f0xx_hal_i2c_ex.o
 .debug_frame   0x00000000000016ac      0x478 ./Drivers/STM32F0xx_HAL_Driver/Src/stm32f0xx_hal_pcd.o
 .debug_frame   0x0000000000001b24      0x110 ./Drivers/STM32F0xx_HAL_Driver/Src/stm32f0xx_hal_pcd_ex.o
 .debug_frame   0x0000000000001c34      0x198 ./Drivers/STM32F0xx_HAL_Driver/Src/stm32f0xx_hal_rcc.o
 .debug_frame   0x0000000000001dcc       0x70 ./Drivers/STM32F0xx_HAL_Driver/Src/stm32f0xx_hal_rcc_ex.o
 .debug_frame   0x0000000000001e3c      0xf00 ./Drivers/STM32F0xx_HAL_Driver/Src/stm32f0xx_hal_tim.o
 .debug_frame   0x0000000000002d3c      0x560 ./Drivers/STM32F0xx_HAL_Driver/Src/stm32f0xx_hal_tim_ex.o
 .debug_frame   0x000000000000329c      0x810 ./Drivers/STM32F0xx_HAL_Driver/Src/stm32f0xx_hal_uart.o
 .debug_frame   0x0000000000003aac      0x278 ./Drivers/STM32F0xx_HAL_Driver/Src/stm32f0xx_ll_usb.o
 .debug_frame   0x0000000000003d24      0x150 ./Middlewares/ST/STM32_USB_Device_Library/Class/HID/Src/usbd_hid.o
 .debug_frame   0x0000000000003e74      0x290 ./Middlewares/ST/STM32_USB_Device_Library/Core/Src/usbd_core.o
 .debug_frame   0x0000000000004104      0x1d8 ./Middlewares/ST/STM32_USB_Device_Library/Core/Src/usbd_ctlreq.o
 .debug_frame   0x00000000000042dc       0xf0 ./Middlewares/ST/STM32_USB_Device_Library/Core/Src/usbd_ioreq.o
 .debug_frame   0x00000000000043cc       0x2c ./USB_DEVICE/App/usb_device.o
 .debug_frame   0x00000000000043f8      0x130 ./USB_DEVICE/App/usbd_desc.o
 .debug_frame   0x0000000000004528      0x438 ./USB_DEVICE/Target/usbd_conf.o
 .debug_frame   0x0000000000004960       0x2c c:/st/stm32cubeide_1.10.1/stm32cubeide/plugins/com.st.stm32cube.ide.mcu.externaltools.gnu-tools-for-stm32.10.3-2021.10.win32_1.0.0.202111181127/tools/bin/../lib/gcc/arm-none-eabi/10.3.1/../../../../arm-none-eabi/lib/thumb/v6-m/nofp\libc_nano.a(lib_a-init.o)
 .debug_frame   0x000000000000498c       0x20 c:/st/stm32cubeide_1.10.1/stm32cubeide/plugins/com.st.stm32cube.ide.mcu.externaltools.gnu-tools-for-stm32.10.3-2021.10.win32_1.0.0.202111181127/tools/bin/../lib/gcc/arm-none-eabi/10.3.1/../../../../arm-none-eabi/lib/thumb/v6-m/nofp\libc_nano.a(lib_a-memset.o)
 .debug_frame   0x00000000000049ac       0x20 c:/st/stm32cubeide_1.10.1/stm32cubeide/plugins/com.st.stm32cube.ide.mcu.externaltools.gnu-tools-for-stm32.10.3-2021.10.win32_1.0.0.202111181127/tools/bin/../lib/gcc/arm-none-eabi/10.3.1/thumb/v6-m/nofp\libgcc.a(_udivsi3.o)